****************************************
Report : timing
        -path_type full
        -delay_type min
        -max_paths 1
        -report_by design
Design : raven_soc
Version: T-2022.03-SP4
Date   : Thu Dec 25 16:10:12 2025
****************************************

  Startpoint: pll_clk (input port clocked by clk)
  Endpoint: iomem_rdata_reg[24] (rising edge-triggered flip-flop clocked by clk)
  Mode: func
  Corner: ss_125c
  Scenario: func.ss_125c
  Path Group: **in2reg_default**
  Path Type: min

  Point                                            Incr      Path  
  ------------------------------------------------------------------------
  clock clk (rise edge)                            0.00      0.00
  clock network delay (propagated)                 0.00      0.00

  pll_clk (in)                                     0.00      0.00 r
  pll_clk_bip17015/X (SAEDRVT14_BUF_S_0P5)         0.04      0.04 r
  U108/X (SAEDRVT14_MUX2_2)                        0.07      0.11 r
  APS_CLK_ISO_134/X (SAEDRVT14_BUF_U_0P5)          0.03      0.14 r
  U2012/X (SAEDRVT14_INV_0P5)                      0.01      0.15 f
  U2013/X (SAEDRVT14_NR2B_U_0P5)                   0.02      0.17 r
  ropt_h_inst_21866/X (SAEDLVT14_BUF_1)            0.01      0.17 r
  iomem_rdata_reg[24]/D (SAEDRVT14_FDP_V2LP_0P5)   0.00      0.17 r
  data arrival time                                          0.17

  clock clk (rise edge)                            0.00      0.00
  clock network delay (propagated)                 0.17      0.17
  iomem_rdata_reg[24]/CK (SAEDRVT14_FDP_V2LP_0P5)
                                                   0.00      0.17 r
  library hold time                                0.00      0.17
  data required time                                         0.17
  ------------------------------------------------------------------------
  data required time                                         0.17
  data arrival time                                         -0.17
  ------------------------------------------------------------------------
  slack (MET)                                                0.00


1
