****************************************
Report : qor
        -summary
Design : raven_soc
Version: T-2022.03-SP4
Date   : Thu Dec 25 16:10:13 2025
****************************************

Timing
---------------------------------------------------------------------------
Context                                 WNS            TNS            NVE
---------------------------------------------------------------------------
func.ss_125c       (Setup)             4.62           0.00              0
test.ss_125c       (Setup)             2.12           0.00              0
Design             (Setup)             2.12           0.00              0

func.ss_125c       (Hold)              0.00           0.00              0
test.ss_125c       (Hold)              0.01           0.00              0
Design             (Hold)              0.00           0.00              0
---------------------------------------------------------------------------

Miscellaneous
---------------------------------------------------------------------------
Cell Area (netlist):                           9536.69
Cell Area (netlist and physical only):         9536.69
Nets with DRC Violations:        0
1
