****************************************
Report : timing
        -path_type full
        -delay_type max
        -max_paths 1
        -report_by design
Design : raven_soc
Version: T-2022.03-SP4
Date   : Thu Dec 25 16:10:12 2025
****************************************

  Startpoint: ext_clk (input port clocked by e_clk)
  Endpoint: iomem_rdata_reg[26] (rising edge-triggered flip-flop clocked by e_clk)
  Mode: test
  Corner: ss_125c
  Scenario: test.ss_125c
  Path Group: **in2reg_default**
  Path Type: max

  Point                                            Incr      Path  
  ------------------------------------------------------------------------
  clock e_clk (fall edge)                          2.50      2.50
  clock network delay (propagated)                 0.00      2.50

  ext_clk (in)                                     0.00      2.50 f
  U2504/X (SAEDLVT14_MUX2_4)                       0.02      2.52 f
  U2504_X_bip17016/X (SAEDRVT14_BUF_S_0P5)         0.08      2.60 f
  U113/X (SAEDLVT14_MUX2_1)                        0.09      2.69 f
  APS_CLK_ISO_133/X (SAEDRVT14_BUF_U_0P5)          0.03      2.72 f
  U2016/X (SAEDRVT14_INV_0P5)                      0.01      2.73 r
  U2017/X (SAEDRVT14_NR2B_U_0P5)                   0.02      2.74 f
  iomem_rdata_reg[26]/D (SAEDRVT14_FDP_V2LP_0P5)   0.00      2.74 f
  data arrival time                                          2.74

  clock e_clk (rise edge)                          5.00      5.00
  clock network delay (propagated)                 0.15      5.15
  iomem_rdata_reg[26]/CK (SAEDRVT14_FDP_V2LP_0P5)
                                                   0.00      5.15 r
  clock uncertainty                               -0.30      4.85
  library setup time                               0.01      4.86
  data required time                                         4.86
  ------------------------------------------------------------------------
  data required time                                         4.86
  data arrival time                                         -2.74
  ------------------------------------------------------------------------
  slack (MET)                                                2.12


1
