 
****************************************
Report : area
Design : picorv32_pcpi_div
Version: T-2022.03-SP4
Date   : Mon Dec  8 11:01:32 2025
****************************************

Library(s) Used:

    saed14rvt_ss0p6v125c (File: /home1/14_nmts/14_nmts/stdcell_rvt/db_ccs/saed14rvt_ss0p6v125c.db)

Number of ports:                          142
Number of nets:                          1555
Number of cells:                         1405
Number of combinational cells:           1180
Number of sequential cells:               223
Number of macros/black boxes:               0
Number of buf/inv:                        172
Number of references:                      45

Combinational area:                376.778394
Buf/Inv area:                       30.813599
Noncombinational area:             204.861598
Macro/Black Box area:                0.000000
Net Interconnect area:      undefined  (No wire load specified)

Total cell area:                   581.639992
Total area:                 undefined
1
