 
****************************************
Report : design
Design : picorv32_pcpi_div
Version: T-2022.03-SP4
Date   : Mon Dec  8 11:01:32 2025
****************************************

Design allows ideal nets on clock nets.

Library(s) Used:

    saed14rvt_ss0p6v125c (File: /home1/14_nmts/14_nmts/stdcell_rvt/db_ccs/saed14rvt_ss0p6v125c.db)

Local Link Library:

    {/home1/14_nmts/14_nmts/stdcell_lvt/db_ccs/saed14lvt_ss0p6v125c.db, /home1/14_nmts/14_nmts/stdcell_rvt/db_ccs/saed14rvt_ss0p6v125c.db}

Flip-Flop Types:

    No flip-flop types specified.

Latch Types:

    No latch types specified.

Operating Conditions:


    Operating Condition Name : ss0p6v125c
    Library : saed14lvt_ss0p6v125c
    Process :   1.00
    Temperature : 125.00
    Voltage :   0.60

Wire Loading Model:

    No wire loading used.

Timing Ranges:

    No timing ranges specified.

Pin Input Delays:

    None specified.

Pin Output Delays:

    None specified.

Disabled Timing Arcs:

    No arcs disabled.

Required Licenses:

    DesignWare

Design Parameters:

    None specified.
1
