 
****************************************
check_design summary:
Version:     T-2022.03-SP4
Date:        Thu Nov 20 08:42:32 2025
****************************************

                   Name                                            Total
--------------------------------------------------------------------------------
Inputs/Outputs                                                     79
    Unconnected ports (LINT-28)                                    79

Cells                                                               1
    Cells do not drive (LINT-1)                                     1
--------------------------------------------------------------------------------

Warning: In design 'picorv32_pcpi_mul', cell 'B_9' does not drive any nets. (LINT-1)
Warning: In design 'picorv32_pcpi_mul', port 'pcpi_insn[24]' is not connected to any nets. (LINT-28)
Warning: In design 'picorv32_pcpi_mul', port 'pcpi_insn[23]' is not connected to any nets. (LINT-28)
Warning: In design 'picorv32_pcpi_mul', port 'pcpi_insn[22]' is not connected to any nets. (LINT-28)
Warning: In design 'picorv32_pcpi_mul', port 'pcpi_insn[21]' is not connected to any nets. (LINT-28)
Warning: In design 'picorv32_pcpi_mul', port 'pcpi_insn[20]' is not connected to any nets. (LINT-28)
Warning: In design 'picorv32_pcpi_mul', port 'pcpi_insn[19]' is not connected to any nets. (LINT-28)
Warning: In design 'picorv32_pcpi_mul', port 'pcpi_insn[18]' is not connected to any nets. (LINT-28)
Warning: In design 'picorv32_pcpi_mul', port 'pcpi_insn[17]' is not connected to any nets. (LINT-28)
Warning: In design 'picorv32_pcpi_mul', port 'pcpi_insn[16]' is not connected to any nets. (LINT-28)
Warning: In design 'picorv32_pcpi_mul', port 'pcpi_insn[15]' is not connected to any nets. (LINT-28)
Warning: In design 'picorv32_pcpi_mul', port 'pcpi_insn[11]' is not connected to any nets. (LINT-28)
Warning: In design 'picorv32_pcpi_mul', port 'pcpi_insn[10]' is not connected to any nets. (LINT-28)
Warning: In design 'picorv32_pcpi_mul', port 'pcpi_insn[9]' is not connected to any nets. (LINT-28)
Warning: In design 'picorv32_pcpi_mul', port 'pcpi_insn[8]' is not connected to any nets. (LINT-28)
Warning: In design 'picorv32_pcpi_mul', port 'pcpi_insn[7]' is not connected to any nets. (LINT-28)
Warning: In design 'picorv32_pcpi_mul', port 'pcpi_rs1[31]' is not connected to any nets. (LINT-28)
Warning: In design 'picorv32_pcpi_mul', port 'pcpi_rs1[30]' is not connected to any nets. (LINT-28)
Warning: In design 'picorv32_pcpi_mul', port 'pcpi_rs1[29]' is not connected to any nets. (LINT-28)
Warning: In design 'picorv32_pcpi_mul', port 'pcpi_rs1[28]' is not connected to any nets. (LINT-28)
Warning: In design 'picorv32_pcpi_mul', port 'pcpi_rs1[27]' is not connected to any nets. (LINT-28)
Warning: In design 'picorv32_pcpi_mul', port 'pcpi_rs1[26]' is not connected to any nets. (LINT-28)
Warning: In design 'picorv32_pcpi_mul', port 'pcpi_rs1[25]' is not connected to any nets. (LINT-28)
Warning: In design 'picorv32_pcpi_mul', port 'pcpi_rs1[24]' is not connected to any nets. (LINT-28)
Warning: In design 'picorv32_pcpi_mul', port 'pcpi_rs1[23]' is not connected to any nets. (LINT-28)
Warning: In design 'picorv32_pcpi_mul', port 'pcpi_rs1[22]' is not connected to any nets. (LINT-28)
Warning: In design 'picorv32_pcpi_mul', port 'pcpi_rs1[21]' is not connected to any nets. (LINT-28)
Warning: In design 'picorv32_pcpi_mul', port 'pcpi_rs1[20]' is not connected to any nets. (LINT-28)
Warning: In design 'picorv32_pcpi_mul', port 'pcpi_rs1[19]' is not connected to any nets. (LINT-28)
Warning: In design 'picorv32_pcpi_mul', port 'pcpi_rs1[18]' is not connected to any nets. (LINT-28)
Warning: In design 'picorv32_pcpi_mul', port 'pcpi_rs1[17]' is not connected to any nets. (LINT-28)
Warning: In design 'picorv32_pcpi_mul', port 'pcpi_rs1[16]' is not connected to any nets. (LINT-28)
Warning: In design 'picorv32_pcpi_mul', port 'pcpi_rs1[15]' is not connected to any nets. (LINT-28)
Warning: In design 'picorv32_pcpi_mul', port 'pcpi_rs1[14]' is not connected to any nets. (LINT-28)
Warning: In design 'picorv32_pcpi_mul', port 'pcpi_rs1[13]' is not connected to any nets. (LINT-28)
Warning: In design 'picorv32_pcpi_mul', port 'pcpi_rs1[12]' is not connected to any nets. (LINT-28)
Warning: In design 'picorv32_pcpi_mul', port 'pcpi_rs1[11]' is not connected to any nets. (LINT-28)
Warning: In design 'picorv32_pcpi_mul', port 'pcpi_rs1[10]' is not connected to any nets. (LINT-28)
Warning: In design 'picorv32_pcpi_mul', port 'pcpi_rs1[9]' is not connected to any nets. (LINT-28)
Warning: In design 'picorv32_pcpi_mul', port 'pcpi_rs1[8]' is not connected to any nets. (LINT-28)
Warning: In design 'picorv32_pcpi_mul', port 'pcpi_rs1[7]' is not connected to any nets. (LINT-28)
Warning: In design 'picorv32_pcpi_mul', port 'pcpi_rs1[6]' is not connected to any nets. (LINT-28)
Warning: In design 'picorv32_pcpi_mul', port 'pcpi_rs1[5]' is not connected to any nets. (LINT-28)
Warning: In design 'picorv32_pcpi_mul', port 'pcpi_rs1[4]' is not connected to any nets. (LINT-28)
Warning: In design 'picorv32_pcpi_mul', port 'pcpi_rs1[3]' is not connected to any nets. (LINT-28)
Warning: In design 'picorv32_pcpi_mul', port 'pcpi_rs1[2]' is not connected to any nets. (LINT-28)
Warning: In design 'picorv32_pcpi_mul', port 'pcpi_rs1[1]' is not connected to any nets. (LINT-28)
Warning: In design 'picorv32_pcpi_mul', port 'pcpi_rs1[0]' is not connected to any nets. (LINT-28)
Warning: In design 'picorv32_pcpi_mul', port 'pcpi_rs2[31]' is not connected to any nets. (LINT-28)
Warning: In design 'picorv32_pcpi_mul', port 'pcpi_rs2[30]' is not connected to any nets. (LINT-28)
Warning: In design 'picorv32_pcpi_mul', port 'pcpi_rs2[29]' is not connected to any nets. (LINT-28)
Warning: In design 'picorv32_pcpi_mul', port 'pcpi_rs2[28]' is not connected to any nets. (LINT-28)
Warning: In design 'picorv32_pcpi_mul', port 'pcpi_rs2[27]' is not connected to any nets. (LINT-28)
Warning: In design 'picorv32_pcpi_mul', port 'pcpi_rs2[26]' is not connected to any nets. (LINT-28)
Warning: In design 'picorv32_pcpi_mul', port 'pcpi_rs2[25]' is not connected to any nets. (LINT-28)
Warning: In design 'picorv32_pcpi_mul', port 'pcpi_rs2[24]' is not connected to any nets. (LINT-28)
Warning: In design 'picorv32_pcpi_mul', port 'pcpi_rs2[23]' is not connected to any nets. (LINT-28)
Warning: In design 'picorv32_pcpi_mul', port 'pcpi_rs2[22]' is not connected to any nets. (LINT-28)
Warning: In design 'picorv32_pcpi_mul', port 'pcpi_rs2[21]' is not connected to any nets. (LINT-28)
Warning: In design 'picorv32_pcpi_mul', port 'pcpi_rs2[20]' is not connected to any nets. (LINT-28)
Warning: In design 'picorv32_pcpi_mul', port 'pcpi_rs2[19]' is not connected to any nets. (LINT-28)
Warning: In design 'picorv32_pcpi_mul', port 'pcpi_rs2[18]' is not connected to any nets. (LINT-28)
Warning: In design 'picorv32_pcpi_mul', port 'pcpi_rs2[17]' is not connected to any nets. (LINT-28)
Warning: In design 'picorv32_pcpi_mul', port 'pcpi_rs2[16]' is not connected to any nets. (LINT-28)
Warning: In design 'picorv32_pcpi_mul', port 'pcpi_rs2[15]' is not connected to any nets. (LINT-28)
Warning: In design 'picorv32_pcpi_mul', port 'pcpi_rs2[14]' is not connected to any nets. (LINT-28)
Warning: In design 'picorv32_pcpi_mul', port 'pcpi_rs2[13]' is not connected to any nets. (LINT-28)
Warning: In design 'picorv32_pcpi_mul', port 'pcpi_rs2[12]' is not connected to any nets. (LINT-28)
Warning: In design 'picorv32_pcpi_mul', port 'pcpi_rs2[11]' is not connected to any nets. (LINT-28)
Warning: In design 'picorv32_pcpi_mul', port 'pcpi_rs2[10]' is not connected to any nets. (LINT-28)
Warning: In design 'picorv32_pcpi_mul', port 'pcpi_rs2[9]' is not connected to any nets. (LINT-28)
Warning: In design 'picorv32_pcpi_mul', port 'pcpi_rs2[8]' is not connected to any nets. (LINT-28)
Warning: In design 'picorv32_pcpi_mul', port 'pcpi_rs2[7]' is not connected to any nets. (LINT-28)
Warning: In design 'picorv32_pcpi_mul', port 'pcpi_rs2[6]' is not connected to any nets. (LINT-28)
Warning: In design 'picorv32_pcpi_mul', port 'pcpi_rs2[5]' is not connected to any nets. (LINT-28)
Warning: In design 'picorv32_pcpi_mul', port 'pcpi_rs2[4]' is not connected to any nets. (LINT-28)
Warning: In design 'picorv32_pcpi_mul', port 'pcpi_rs2[3]' is not connected to any nets. (LINT-28)
Warning: In design 'picorv32_pcpi_mul', port 'pcpi_rs2[2]' is not connected to any nets. (LINT-28)
Warning: In design 'picorv32_pcpi_mul', port 'pcpi_rs2[1]' is not connected to any nets. (LINT-28)
Warning: In design 'picorv32_pcpi_mul', port 'pcpi_rs2[0]' is not connected to any nets. (LINT-28)
1
