 
****************************************
Report : hierarchy
Design : picorv32_pcpi_mul
Version: T-2022.03-SP4
Date   : Thu Nov 20 08:48:03 2025
****************************************

Attributes:
    r - licensed design

picorv32_pcpi_mul  r
    SAEDRVT14_AN2_MM_0P5                             saed14rvt_ss0p6v125c
                                                 0.60
    SAEDRVT14_AN4_1                                  saed14rvt_ss0p6v125c
                                                 0.60
    SAEDRVT14_AO32_U_0P5                             saed14rvt_ss0p6v125c
                                                 0.60
    SAEDRVT14_AOI21_0P75                             saed14rvt_ss0p6v125c
                                                 0.60
    SAEDRVT14_CKGTPLT_V5_1                           saed14rvt_ss0p6v125c
                                                 0.60
    SAEDRVT14_FDP_V2LP_0P5                           saed14rvt_ss0p6v125c
                                                 0.60
    SAEDRVT14_FDP_V2_0P5                             saed14rvt_ss0p6v125c
                                                 0.60
    SAEDRVT14_INV_0P5                                saed14rvt_ss0p6v125c
                                                 0.60
    SAEDRVT14_ND2B_U_0P5                             saed14rvt_ss0p6v125c
                                                 0.60
    SAEDRVT14_ND2_CDC_1                              saed14rvt_ss0p6v125c
                                                 0.60
    SAEDRVT14_NR2_MM_1                               saed14rvt_ss0p6v125c
                                                 0.60
    SAEDRVT14_NR3_1                                  saed14rvt_ss0p6v125c
                                                 0.60
    SAEDRVT14_OA31_1                                 saed14rvt_ss0p6v125c
                                                 0.60
    SAEDRVT14_OAI22_0P5                              saed14rvt_ss0p6v125c
                                                 0.60
    SAEDRVT14_OR2_0P75                               saed14rvt_ss0p6v125c
                                                 0.60
    SAEDRVT14_OR3_0P5                                saed14rvt_ss0p6v125c
                                                 0.60
    SAEDRVT14_OR4_1                                  saed14rvt_ss0p6v125c
                                                 0.60
    SAEDRVT14_TIE0_PV1ECO_1                          saed14rvt_ss0p6v125c
                                                 0.60
    SNPS_CLOCK_GATE_HIGH_picorv32_pcpi_mul_0     0.60
        SAEDRVT14_CKGTPLT_V5_1                       saed14rvt_ss0p6v125c
                                                 0.60
    SNPS_CLOCK_GATE_HIGH_picorv32_pcpi_mul_3     0.60
        SAEDRVT14_CKGTPLT_V5_1                       saed14rvt_ss0p6v125c
                                                 0.60
1
