Writing verilog file '/home1/PD09/RanjithKC/Raven_SoC/sub_module/picorv32_pcpi_mul/synthesis/output/picorv32_pcpi_mul_allfiles.v/picorv32_pcpi_mul.v'.
Warning: Verilog 'assign' or 'tran' statements are written out. (VO-4)
1
1
1
Information: No Scenarios exist, writing data for one virtual_scenario
Information: Creating directory ../output/picorv32_pcpi_mul_allfiles.v/picorv32_pcpi_mul.MCMM
Information: The default DEF output is in version 5.8. (DCT-320)
Warning: Failed to find cell expansion data in current design.  (PSYN-1240)
0
Information: Writing COMPONENTS section (DDEFW-014)
Information: Completed COMPONENTS section  (DDEFW-016)
Information: Writing PINS section (DDEFW-014)
Information: Creating dummy net 'SYNOPSYS_UNCONNECTED_0' for unconnected port 'pcpi_insn[24]'. (DDEFW-006)
Information: Creating dummy net 'SYNOPSYS_UNCONNECTED_1' for unconnected port 'pcpi_insn[23]'. (DDEFW-006)
Information: Creating dummy net 'SYNOPSYS_UNCONNECTED_2' for unconnected port 'pcpi_insn[22]'. (DDEFW-006)
Information: Creating dummy net 'SYNOPSYS_UNCONNECTED_3' for unconnected port 'pcpi_insn[21]'. (DDEFW-006)
Information: Creating dummy net 'SYNOPSYS_UNCONNECTED_4' for unconnected port 'pcpi_insn[20]'. (DDEFW-006)
Information: Creating dummy net 'SYNOPSYS_UNCONNECTED_5' for unconnected port 'pcpi_insn[19]'. (DDEFW-006)
Information: Creating dummy net 'SYNOPSYS_UNCONNECTED_6' for unconnected port 'pcpi_insn[18]'. (DDEFW-006)
Information: Creating dummy net 'SYNOPSYS_UNCONNECTED_7' for unconnected port 'pcpi_insn[17]'. (DDEFW-006)
Information: Creating dummy net 'SYNOPSYS_UNCONNECTED_8' for unconnected port 'pcpi_insn[16]'. (DDEFW-006)
Information: Creating dummy net 'SYNOPSYS_UNCONNECTED_9' for unconnected port 'pcpi_insn[15]'. (DDEFW-006)
Information: Creating dummy net 'SYNOPSYS_UNCONNECTED_10' for unconnected port 'pcpi_insn[11]'. (DDEFW-006)
Information: Creating dummy net 'SYNOPSYS_UNCONNECTED_11' for unconnected port 'pcpi_insn[10]'. (DDEFW-006)
Information: Creating dummy net 'SYNOPSYS_UNCONNECTED_12' for unconnected port 'pcpi_insn[9]'. (DDEFW-006)
Information: Creating dummy net 'SYNOPSYS_UNCONNECTED_13' for unconnected port 'pcpi_insn[8]'. (DDEFW-006)
Information: Creating dummy net 'SYNOPSYS_UNCONNECTED_14' for unconnected port 'pcpi_insn[7]'. (DDEFW-006)
Information: Creating dummy net 'SYNOPSYS_UNCONNECTED_15' for unconnected port 'pcpi_rs1[31]'. (DDEFW-006)
Information: Creating dummy net 'SYNOPSYS_UNCONNECTED_16' for unconnected port 'pcpi_rs1[30]'. (DDEFW-006)
Information: Creating dummy net 'SYNOPSYS_UNCONNECTED_17' for unconnected port 'pcpi_rs1[29]'. (DDEFW-006)
Information: Creating dummy net 'SYNOPSYS_UNCONNECTED_18' for unconnected port 'pcpi_rs1[28]'. (DDEFW-006)
Information: Creating dummy net 'SYNOPSYS_UNCONNECTED_19' for unconnected port 'pcpi_rs1[27]'. (DDEFW-006)
Information: Creating dummy net 'SYNOPSYS_UNCONNECTED_20' for unconnected port 'pcpi_rs1[26]'. (DDEFW-006)
Information: Creating dummy net 'SYNOPSYS_UNCONNECTED_21' for unconnected port 'pcpi_rs1[25]'. (DDEFW-006)
Information: Creating dummy net 'SYNOPSYS_UNCONNECTED_22' for unconnected port 'pcpi_rs1[24]'. (DDEFW-006)
Information: Creating dummy net 'SYNOPSYS_UNCONNECTED_23' for unconnected port 'pcpi_rs1[23]'. (DDEFW-006)
Information: Creating dummy net 'SYNOPSYS_UNCONNECTED_24' for unconnected port 'pcpi_rs1[22]'. (DDEFW-006)
Information: Creating dummy net 'SYNOPSYS_UNCONNECTED_25' for unconnected port 'pcpi_rs1[21]'. (DDEFW-006)
Information: Creating dummy net 'SYNOPSYS_UNCONNECTED_26' for unconnected port 'pcpi_rs1[20]'. (DDEFW-006)
Information: Creating dummy net 'SYNOPSYS_UNCONNECTED_27' for unconnected port 'pcpi_rs1[19]'. (DDEFW-006)
Information: Creating dummy net 'SYNOPSYS_UNCONNECTED_28' for unconnected port 'pcpi_rs1[18]'. (DDEFW-006)
Information: Creating dummy net 'SYNOPSYS_UNCONNECTED_29' for unconnected port 'pcpi_rs1[17]'. (DDEFW-006)
Information: Creating dummy net 'SYNOPSYS_UNCONNECTED_30' for unconnected port 'pcpi_rs1[16]'. (DDEFW-006)
Information: Creating dummy net 'SYNOPSYS_UNCONNECTED_31' for unconnected port 'pcpi_rs1[15]'. (DDEFW-006)
Information: Creating dummy net 'SYNOPSYS_UNCONNECTED_32' for unconnected port 'pcpi_rs1[14]'. (DDEFW-006)
Information: Creating dummy net 'SYNOPSYS_UNCONNECTED_33' for unconnected port 'pcpi_rs1[13]'. (DDEFW-006)
Information: Creating dummy net 'SYNOPSYS_UNCONNECTED_34' for unconnected port 'pcpi_rs1[12]'. (DDEFW-006)
Information: Creating dummy net 'SYNOPSYS_UNCONNECTED_35' for unconnected port 'pcpi_rs1[11]'. (DDEFW-006)
Information: Creating dummy net 'SYNOPSYS_UNCONNECTED_36' for unconnected port 'pcpi_rs1[10]'. (DDEFW-006)
Information: Creating dummy net 'SYNOPSYS_UNCONNECTED_37' for unconnected port 'pcpi_rs1[9]'. (DDEFW-006)
Information: Creating dummy net 'SYNOPSYS_UNCONNECTED_38' for unconnected port 'pcpi_rs1[8]'. (DDEFW-006)
Information: Creating dummy net 'SYNOPSYS_UNCONNECTED_39' for unconnected port 'pcpi_rs1[7]'. (DDEFW-006)
Information: Creating dummy net 'SYNOPSYS_UNCONNECTED_40' for unconnected port 'pcpi_rs1[6]'. (DDEFW-006)
Information: Creating dummy net 'SYNOPSYS_UNCONNECTED_41' for unconnected port 'pcpi_rs1[5]'. (DDEFW-006)
Information: Creating dummy net 'SYNOPSYS_UNCONNECTED_42' for unconnected port 'pcpi_rs1[4]'. (DDEFW-006)
Information: Creating dummy net 'SYNOPSYS_UNCONNECTED_43' for unconnected port 'pcpi_rs1[3]'. (DDEFW-006)
Information: Creating dummy net 'SYNOPSYS_UNCONNECTED_44' for unconnected port 'pcpi_rs1[2]'. (DDEFW-006)
Information: Creating dummy net 'SYNOPSYS_UNCONNECTED_45' for unconnected port 'pcpi_rs1[1]'. (DDEFW-006)
Information: Creating dummy net 'SYNOPSYS_UNCONNECTED_46' for unconnected port 'pcpi_rs1[0]'. (DDEFW-006)
Information: Creating dummy net 'SYNOPSYS_UNCONNECTED_47' for unconnected port 'pcpi_rs2[31]'. (DDEFW-006)
Information: Creating dummy net 'SYNOPSYS_UNCONNECTED_48' for unconnected port 'pcpi_rs2[30]'. (DDEFW-006)
Information: Creating dummy net 'SYNOPSYS_UNCONNECTED_49' for unconnected port 'pcpi_rs2[29]'. (DDEFW-006)
Information: Creating dummy net 'SYNOPSYS_UNCONNECTED_50' for unconnected port 'pcpi_rs2[28]'. (DDEFW-006)
Information: Creating dummy net 'SYNOPSYS_UNCONNECTED_51' for unconnected port 'pcpi_rs2[27]'. (DDEFW-006)
Information: Creating dummy net 'SYNOPSYS_UNCONNECTED_52' for unconnected port 'pcpi_rs2[26]'. (DDEFW-006)
Information: Creating dummy net 'SYNOPSYS_UNCONNECTED_53' for unconnected port 'pcpi_rs2[25]'. (DDEFW-006)
Information: Creating dummy net 'SYNOPSYS_UNCONNECTED_54' for unconnected port 'pcpi_rs2[24]'. (DDEFW-006)
Information: Creating dummy net 'SYNOPSYS_UNCONNECTED_55' for unconnected port 'pcpi_rs2[23]'. (DDEFW-006)
Information: Creating dummy net 'SYNOPSYS_UNCONNECTED_56' for unconnected port 'pcpi_rs2[22]'. (DDEFW-006)
Information: Creating dummy net 'SYNOPSYS_UNCONNECTED_57' for unconnected port 'pcpi_rs2[21]'. (DDEFW-006)
Information: Creating dummy net 'SYNOPSYS_UNCONNECTED_58' for unconnected port 'pcpi_rs2[20]'. (DDEFW-006)
Information: Creating dummy net 'SYNOPSYS_UNCONNECTED_59' for unconnected port 'pcpi_rs2[19]'. (DDEFW-006)
Information: Creating dummy net 'SYNOPSYS_UNCONNECTED_60' for unconnected port 'pcpi_rs2[18]'. (DDEFW-006)
Information: Creating dummy net 'SYNOPSYS_UNCONNECTED_61' for unconnected port 'pcpi_rs2[17]'. (DDEFW-006)
Information: Creating dummy net 'SYNOPSYS_UNCONNECTED_62' for unconnected port 'pcpi_rs2[16]'. (DDEFW-006)
Information: Creating dummy net 'SYNOPSYS_UNCONNECTED_63' for unconnected port 'pcpi_rs2[15]'. (DDEFW-006)
Information: Creating dummy net 'SYNOPSYS_UNCONNECTED_64' for unconnected port 'pcpi_rs2[14]'. (DDEFW-006)
Information: Creating dummy net 'SYNOPSYS_UNCONNECTED_65' for unconnected port 'pcpi_rs2[13]'. (DDEFW-006)
Information: Creating dummy net 'SYNOPSYS_UNCONNECTED_66' for unconnected port 'pcpi_rs2[12]'. (DDEFW-006)
Information: Creating dummy net 'SYNOPSYS_UNCONNECTED_67' for unconnected port 'pcpi_rs2[11]'. (DDEFW-006)
Information: Creating dummy net 'SYNOPSYS_UNCONNECTED_68' for unconnected port 'pcpi_rs2[10]'. (DDEFW-006)
Information: Creating dummy net 'SYNOPSYS_UNCONNECTED_69' for unconnected port 'pcpi_rs2[9]'. (DDEFW-006)
Information: Creating dummy net 'SYNOPSYS_UNCONNECTED_70' for unconnected port 'pcpi_rs2[8]'. (DDEFW-006)
Information: Creating dummy net 'SYNOPSYS_UNCONNECTED_71' for unconnected port 'pcpi_rs2[7]'. (DDEFW-006)
Information: Creating dummy net 'SYNOPSYS_UNCONNECTED_72' for unconnected port 'pcpi_rs2[6]'. (DDEFW-006)
Information: Creating dummy net 'SYNOPSYS_UNCONNECTED_73' for unconnected port 'pcpi_rs2[5]'. (DDEFW-006)
Information: Creating dummy net 'SYNOPSYS_UNCONNECTED_74' for unconnected port 'pcpi_rs2[4]'. (DDEFW-006)
Information: Creating dummy net 'SYNOPSYS_UNCONNECTED_75' for unconnected port 'pcpi_rs2[3]'. (DDEFW-006)
Information: Creating dummy net 'SYNOPSYS_UNCONNECTED_76' for unconnected port 'pcpi_rs2[2]'. (DDEFW-006)
Information: Creating dummy net 'SYNOPSYS_UNCONNECTED_77' for unconnected port 'pcpi_rs2[1]'. (DDEFW-006)
Information: Creating dummy net 'SYNOPSYS_UNCONNECTED_78' for unconnected port 'pcpi_rs2[0]'. (DDEFW-006)
Information: Completed PINS section  (DDEFW-016)
Information: No groups were written. (RPGP-018)
1
