Writing verilog file '/home1/PD09/RanjithKC/Raven_SoC/sub_module/simpleuart/synthesis/output/simpleuart_allfiles.v/simpleuart.v'.
Warning: Verilog 'assign' or 'tran' statements are written out. (VO-4)
1
1
1
Information: No Scenarios exist, writing data for one virtual_scenario
Information: Creating directory ../output/simpleuart_allfiles.v/simpleuart.MCMM
Information: The default DEF output is in version 5.8. (DCT-320)
Warning: Failed to find cell expansion data in current design.  (PSYN-1240)
0
Information: Writing COMPONENTS section (DDEFW-014)
Information: Completed COMPONENTS section  (DDEFW-016)
Information: Writing PINS section (DDEFW-014)
Information: Creating dummy net 'SYNOPSYS_UNCONNECTED_0' for unconnected port 'reg_dat_di[31]'. (DDEFW-006)
Information: Creating dummy net 'SYNOPSYS_UNCONNECTED_1' for unconnected port 'reg_dat_di[30]'. (DDEFW-006)
Information: Creating dummy net 'SYNOPSYS_UNCONNECTED_2' for unconnected port 'reg_dat_di[29]'. (DDEFW-006)
Information: Creating dummy net 'SYNOPSYS_UNCONNECTED_3' for unconnected port 'reg_dat_di[28]'. (DDEFW-006)
Information: Creating dummy net 'SYNOPSYS_UNCONNECTED_4' for unconnected port 'reg_dat_di[27]'. (DDEFW-006)
Information: Creating dummy net 'SYNOPSYS_UNCONNECTED_5' for unconnected port 'reg_dat_di[26]'. (DDEFW-006)
Information: Creating dummy net 'SYNOPSYS_UNCONNECTED_6' for unconnected port 'reg_dat_di[25]'. (DDEFW-006)
Information: Creating dummy net 'SYNOPSYS_UNCONNECTED_7' for unconnected port 'reg_dat_di[24]'. (DDEFW-006)
Information: Creating dummy net 'SYNOPSYS_UNCONNECTED_8' for unconnected port 'reg_dat_di[23]'. (DDEFW-006)
Information: Creating dummy net 'SYNOPSYS_UNCONNECTED_9' for unconnected port 'reg_dat_di[22]'. (DDEFW-006)
Information: Creating dummy net 'SYNOPSYS_UNCONNECTED_10' for unconnected port 'reg_dat_di[21]'. (DDEFW-006)
Information: Creating dummy net 'SYNOPSYS_UNCONNECTED_11' for unconnected port 'reg_dat_di[20]'. (DDEFW-006)
Information: Creating dummy net 'SYNOPSYS_UNCONNECTED_12' for unconnected port 'reg_dat_di[19]'. (DDEFW-006)
Information: Creating dummy net 'SYNOPSYS_UNCONNECTED_13' for unconnected port 'reg_dat_di[18]'. (DDEFW-006)
Information: Creating dummy net 'SYNOPSYS_UNCONNECTED_14' for unconnected port 'reg_dat_di[17]'. (DDEFW-006)
Information: Creating dummy net 'SYNOPSYS_UNCONNECTED_15' for unconnected port 'reg_dat_di[16]'. (DDEFW-006)
Information: Creating dummy net 'SYNOPSYS_UNCONNECTED_16' for unconnected port 'reg_dat_di[15]'. (DDEFW-006)
Information: Creating dummy net 'SYNOPSYS_UNCONNECTED_17' for unconnected port 'reg_dat_di[14]'. (DDEFW-006)
Information: Creating dummy net 'SYNOPSYS_UNCONNECTED_18' for unconnected port 'reg_dat_di[13]'. (DDEFW-006)
Information: Creating dummy net 'SYNOPSYS_UNCONNECTED_19' for unconnected port 'reg_dat_di[12]'. (DDEFW-006)
Information: Creating dummy net 'SYNOPSYS_UNCONNECTED_20' for unconnected port 'reg_dat_di[11]'. (DDEFW-006)
Information: Creating dummy net 'SYNOPSYS_UNCONNECTED_21' for unconnected port 'reg_dat_di[10]'. (DDEFW-006)
Information: Creating dummy net 'SYNOPSYS_UNCONNECTED_22' for unconnected port 'reg_dat_di[9]'. (DDEFW-006)
Information: Creating dummy net 'SYNOPSYS_UNCONNECTED_23' for unconnected port 'reg_dat_di[8]'. (DDEFW-006)
Information: Completed PINS section  (DDEFW-016)
Information: No groups were written. (RPGP-018)
1
