Writing verilog file '/home1/PD09/RanjithKC/Raven_SoC/sub_module/spimemio/synthesis/output/spimemio_allfiles.v/spimemio.v'.
Warning: Verilog 'assign' or 'tran' statements are written out. (VO-4)
Warning: Verilog writer has added 1 nets to module spimemio using SYNOPSYS_UNCONNECTED_ as prefix.  Please use the change_names command to make the correct changes before invoking the verilog writer.  (VO-11)
1
1
1
Information: No Scenarios exist, writing data for one virtual_scenario
Information: Creating directory ../output/spimemio_allfiles.v/spimemio.MCMM
Information: The default DEF output is in version 5.8. (DCT-320)
Warning: Failed to find cell expansion data in current design.  (PSYN-1240)
0
Information: Writing COMPONENTS section (DDEFW-014)
Information: Completed COMPONENTS section  (DDEFW-016)
Information: Writing PINS section (DDEFW-014)
Information: Creating dummy net 'SYNOPSYS_UNCONNECTED_0' for unconnected port 'cfgreg_di[30]'. (DDEFW-006)
Information: Creating dummy net 'SYNOPSYS_UNCONNECTED_1' for unconnected port 'cfgreg_di[29]'. (DDEFW-006)
Information: Creating dummy net 'SYNOPSYS_UNCONNECTED_2' for unconnected port 'cfgreg_di[28]'. (DDEFW-006)
Information: Creating dummy net 'SYNOPSYS_UNCONNECTED_3' for unconnected port 'cfgreg_di[27]'. (DDEFW-006)
Information: Creating dummy net 'SYNOPSYS_UNCONNECTED_4' for unconnected port 'cfgreg_di[26]'. (DDEFW-006)
Information: Creating dummy net 'SYNOPSYS_UNCONNECTED_5' for unconnected port 'cfgreg_di[25]'. (DDEFW-006)
Information: Creating dummy net 'SYNOPSYS_UNCONNECTED_6' for unconnected port 'cfgreg_di[24]'. (DDEFW-006)
Information: Creating dummy net 'SYNOPSYS_UNCONNECTED_7' for unconnected port 'cfgreg_di[23]'. (DDEFW-006)
Information: Creating dummy net 'SYNOPSYS_UNCONNECTED_8' for unconnected port 'cfgreg_di[15]'. (DDEFW-006)
Information: Creating dummy net 'SYNOPSYS_UNCONNECTED_9' for unconnected port 'cfgreg_di[14]'. (DDEFW-006)
Information: Creating dummy net 'SYNOPSYS_UNCONNECTED_10' for unconnected port 'cfgreg_di[13]'. (DDEFW-006)
Information: Creating dummy net 'SYNOPSYS_UNCONNECTED_11' for unconnected port 'cfgreg_di[12]'. (DDEFW-006)
Information: Creating dummy net 'SYNOPSYS_UNCONNECTED_12' for unconnected port 'cfgreg_di[7]'. (DDEFW-006)
Information: Creating dummy net 'SYNOPSYS_UNCONNECTED_13' for unconnected port 'cfgreg_di[6]'. (DDEFW-006)
Information: Completed PINS section  (DDEFW-016)
Information: No groups were written. (RPGP-018)
1
