****************************************
Report : timing
        -path_type full
        -delay_type min
        -max_paths 1
        -report_by design
Design : simpleuart
Version: T-2022.03-SP4
Date   : Thu Nov 27 01:28:28 2025
****************************************

  Startpoint: send_pattern_reg[2] (rising edge-triggered flip-flop clocked by clock)
  Endpoint: send_pattern_reg[1] (rising edge-triggered flip-flop clocked by clock)
  Mode: default
  Corner: default
  Scenario: simpleuart
  Path Group: reg2reg
  Path Type: min

  Point                                            Incr      Path  
  ------------------------------------------------------------------------
  clock clock (rise edge)                          0.00      0.00
  clock network delay (propagated)                 0.02      0.02

  send_pattern_reg[2]/CK (SAEDRVT14_FDP_V2LP_1)    0.00      0.02 r
  send_pattern_reg[2]/Q (SAEDRVT14_FDP_V2LP_1)     0.04      0.06 f
  U639/X (SAEDRVT14_AO21B_0P5)                     0.01      0.07 f
  send_pattern_reg[1]/D (SAEDRVT14_FDP_V2LP_1)     0.00      0.07 f
  data arrival time                                          0.07

  clock clock (rise edge)                          0.00      0.00
  clock network delay (propagated)                 0.02      0.02
  send_pattern_reg[1]/CK (SAEDRVT14_FDP_V2LP_1)    0.00      0.02 r
  library hold time                                0.01      0.03
  data required time                                         0.03
  ------------------------------------------------------------------------
  data required time                                         0.03
  data arrival time                                         -0.07
  ------------------------------------------------------------------------
  slack (MET)                                                0.04


1
