****************************************
Report : qor
        -summary
Design : simpleuart
Version: T-2022.03-SP4
Date   : Thu Nov 27 01:28:28 2025
****************************************

Timing
---------------------------------------------------------------------------
Context                                 WNS            TNS            NVE
---------------------------------------------------------------------------
Design             (Setup)             2.48           0.00              0

Design             (Hold)              0.04           0.00              0
---------------------------------------------------------------------------

Miscellaneous
---------------------------------------------------------------------------
Cell Area (netlist):                            327.01
Cell Area (netlist and physical only):          327.01
Nets with DRC Violations:        0
1
