****************************************
Report : timing
        -path_type full
        -delay_type max
        -max_paths 1
        -report_by design
Design : simpleuart
Version: T-2022.03-SP4
Date   : Thu Nov 27 01:28:28 2025
****************************************

  Startpoint: reg_dat_we (input port clocked by clock)
  Endpoint: reg_dat_wait (output port clocked by clock)
  Mode: default
  Corner: default
  Scenario: simpleuart
  Path Group: in2out
  Path Type: max

  Point                                            Incr      Path  
  ------------------------------------------------------------------------
  clock clock (rise edge)                          0.00      0.00
  clock network delay (propagated)                 0.06      0.06
  input external delay                             0.75      0.81 r
  reg_dat_we (in)                                  0.00      0.81 r
  U467/X (SAEDRVT14_OA21_1)                        0.02      0.83 r
  reg_dat_wait (out)                               0.00      0.83 r
  data arrival time                                          0.83

  clock clock (rise edge)                          4.00      4.00
  clock network delay (propagated)                 0.05      4.05
  output external delay                           -0.75      3.30
  data required time                                         3.30
  ------------------------------------------------------------------------
  data required time                                         3.30
  data arrival time                                         -0.83
  ------------------------------------------------------------------------
  slack (MET)                                                2.48


1
