****************************************
Report : power
        -significant_digits 2
Design : picorv32_pcpi_div
Version: T-2022.03-SP4
Date   : Tue Dec  9 13:32:52 2025
****************************************
Information: Activity propagation will be performed for scenario picorv32_pcpi_div.
Information: Doing activity propagation for mode 'default' and corner 'default' with effort level 'medium'. (POW-024)
Information: Timer-derived activity data is cached on scenario picorv32_pcpi_div (POW-052)
[SelfGate Info]: Self-gate aware power analysis is turned on.
Infomation: Fast mode activity propagation power.rtl_activity_annotation setup is ignored. Always use accurate mode.
Information: Turn on parallel simulation of generator nets.
Information: Running switching activity propagation in scalar mode!

 **** Information : No. of simulation cycles = 6 ****
Mode: default
Corner: default
Scenario: picorv32_pcpi_div
Voltage: 0.60
Temperature: 125.00

Voltage Unit         : 1V
Capacitance Unit     : 1fF
Time Unit            : 1ns
Temperature Unit     : 1C
Dynamic Power Unit   : 1pW
Leakage Power Unit   : 1pW

Switched supply net power scaling:
scaling for leakage power

Supply nets:
VDD (power) probability 1.00 (default)
VSS (ground) probability 1.00 (default)
Warning: Power table extrapolation (extrapolation mode) for port CK on cell clk_gate_quotient_reg/latch for parameter Tinp. Lowest table value = 0.003000, highest table value = 0.133000, value = 0.000000 (POW-046)
Warning: Power table extrapolation (extrapolation mode) for port Q on cell clk_gate_quotient_reg/latch for parameter Tinp. Lowest table value = 0.003000, highest table value = 0.133000, value = 0.000000 (POW-046)
Warning: Power table extrapolation (extrapolation mode) for port CK on cell clk_gate_quotient_msk_reg/latch for parameter Tinp. Lowest table value = 0.003000, highest table value = 0.133000, value = 0.000000 (POW-046)
Warning: Power table extrapolation (extrapolation mode) for port Q on cell clk_gate_quotient_msk_reg/latch for parameter Tinp. Lowest table value = 0.003000, highest table value = 0.133000, value = 0.000000 (POW-046)
Warning: Fall toggles on pin dividend_reg[0]/QN are impossible given input states; converted to rise toggles. (POW-069)
Warning: Power table extrapolation (extrapolation mode) for port QN on cell dividend_reg[0] for parameter Cout. Lowest table value = 0.000150, highest table value = 0.023660, value = 0.000000 (POW-046)
Warning: Fall toggles on pin dividend_reg[12]/QN are impossible given input states; converted to rise toggles. (POW-069)
Warning: Power table extrapolation (extrapolation mode) for port QN on cell dividend_reg[12] for parameter Cout. Lowest table value = 0.000150, highest table value = 0.023660, value = 0.000000 (POW-046)
Warning: Fall toggles on pin dividend_reg[26]/QN are impossible given input states; converted to rise toggles. (POW-069)
Warning: Power table extrapolation (extrapolation mode) for port QN on cell dividend_reg[26] for parameter Cout. Lowest table value = 0.000150, highest table value = 0.023660, value = 0.000000 (POW-046)
Warning: Power table extrapolation (extrapolation mode) for port A1 on cell U441 for parameter Tinp. Lowest table value = 0.003000, highest table value = 0.133000, value = 0.000191 (POW-046)
Warning: Power table extrapolation (extrapolation mode) for port X on cell U465 for parameter Tinp. Lowest table value = 0.003000, highest table value = 0.133000, value = 0.000191 (POW-046)
Warning: Power table extrapolation (extrapolation mode) for port A2 on cell U489 for parameter Tinp. Lowest table value = 0.003000, highest table value = 0.133000, value = 0.000191 (POW-046)
Note - message 'POW-046' limit (10) exceeded. Remainder will be suppressed.
Warning: Fall toggles on pin divisor_reg[57]/QN are impossible given input states; converted to rise toggles. (POW-069)
Warning: Fall toggles on pin divisor_reg[12]/QN are impossible given input states; converted to rise toggles. (POW-069)
Warning: Fall toggles on pin quotient_reg[13]/QN are impossible given input states; converted to rise toggles. (POW-069)
Warning: Fall toggles on pin quotient_msk_reg[3]/QN are impossible given input states; converted to rise toggles. (POW-069)
Warning: Fall toggles on pin quotient_msk_reg[21]/QN are impossible given input states; converted to rise toggles. (POW-069)
Warning: Fall toggles on pin quotient_msk_reg[20]/QN are impossible given input states; converted to rise toggles. (POW-069)
Warning: Fall toggles on pin outsign_reg/QN are impossible given input states; converted to rise toggles. (POW-069)

  Cell Internal Power    = 5.62e+06 pW ( 62.0%)
  Net Switching Power    = 3.45e+06 pW ( 38.0%)
Total Dynamic Power      = 9.08e+06 pW (100.0%)

Cell Leakage Power       = 2.70e+06 pW


  Attributes
  ----------
      u  -  User defined power group
      i  -  Includes clock pin internal power

Power Group         Internal Power        Switching Power          Leakage Power            Total Power    (   %  )    Attrs
-----------------------------------------------------------------------------------------------------------------------------
io_pad                    0.00e+00               0.00e+00               0.00e+00               0.00e+00    (  0.0%)         
memory                    0.00e+00               0.00e+00               0.00e+00               0.00e+00    (  0.0%)         
black_box                 0.00e+00               0.00e+00               0.00e+00               0.00e+00    (  0.0%)         
clock_network             5.44e+06               2.57e+06               9.08e+04               8.10e+06    ( 68.7%)        i
register                  2.84e+02               0.00e+00               9.89e+05               9.89e+05    (  8.4%)         
sequential                0.00e+00               0.00e+00               0.00e+00               0.00e+00    (  0.0%)         
combinational             1.83e+05               8.85e+05               1.62e+06               2.69e+06    ( 22.9%)         
-----------------------------------------------------------------------------------------------------------------------------
Total                     5.62e+06 pW            3.45e+06 pW            2.70e+06 pW            1.18e+07 pW
1
