****************************************
Report : qor
        -summary
Design : picorv32_pcpi_div
Version: T-2022.03-SP4
Date   : Tue Dec  9 13:32:53 2025
****************************************

Timing
---------------------------------------------------------------------------
Context                                 WNS            TNS            NVE
---------------------------------------------------------------------------
Design             (Setup)             0.96           0.00              0

Design             (Hold)              0.05           0.00              0
---------------------------------------------------------------------------

Miscellaneous
---------------------------------------------------------------------------
Cell Area (netlist):                            562.19
Cell Area (netlist and physical only):          562.19
Nets with DRC Violations:        3
1
