 
****************************************
Report : area
Design : raven_soc
Version: T-2022.03-SP4
Date   : Mon Dec 22 15:56:23 2025
****************************************

Library(s) Used:

    saed14rvt_ss0p6v125c (File: /home1/14_nmts/14_nmts/stdcell_rvt/db_ccs/saed14rvt_ss0p6v125c.db)
    saed14lvt_ss0p6v125c (File: /home1/14_nmts/14_nmts/stdcell_lvt/db_ccs/saed14lvt_ss0p6v125c.db)
    saed14rvt_dlvl_ss0p72v125c_i0p6v (File: /home1/14_nmts/14_nmts/stdcell_rvt/db_ccs/saed14rvt_dlvl_ss0p72v125c_i0p6v.db)
    saed14rvt_ulvl_ss0p72v125c_i0p6v (File: /home1/14_nmts/14_nmts/stdcell_rvt/db_ccs/saed14rvt_ulvl_ss0p72v125c_i0p6v.db)
    saed14rvt_ss0p72v125c (File: /home1/14_nmts/14_nmts/stdcell_rvt/db_ccs/saed14rvt_ss0p72v125c.db)
    saed14lvt_ss0p72v125c (File: /home1/14_nmts/14_nmts/stdcell_lvt/db_ccs/saed14lvt_ss0p72v125c.db)

Number of ports:                         2065
Number of nets:                         16373
Number of cells:                        15248
Number of combinational cells:          11879
Number of sequential cells:              3263
Number of macros/black boxes:               0
Number of buf/inv:                       1903
Number of references:                      62

Combinational area:               4732.018793
Buf/Inv area:                      345.343194
Noncombinational area:            2988.785963
Macro/Black Box area:                0.000000
Net Interconnect area:      undefined  (No wire load specified)

Total cell area:                  7720.804756
Total area:                 undefined
1
