
Information: Checking generated_clocks...

Information: Checking loops...

Information: Checking no_input_delay...

Information: Checking unconstrained_endpoints...

Warning: The following end-points are not constrained for maximum delay.

End point
---------------
cpu/mem_la_wdata_reg[0]/D
cpu/mem_la_wdata_reg[1]/D
cpu/mem_la_wdata_reg[2]/D
cpu/mem_la_wdata_reg[3]/D
cpu/mem_la_wdata_reg[4]/D
cpu/mem_la_wdata_reg[5]/D
cpu/mem_la_wdata_reg[6]/D
cpu/mem_la_wdata_reg[7]/D
cpu/mem_la_wdata_reg[8]/D
cpu/mem_la_wdata_reg[9]/D
cpu/mem_la_wdata_reg[10]/D
cpu/mem_la_wdata_reg[11]/D
cpu/mem_la_wdata_reg[12]/D
cpu/mem_la_wdata_reg[13]/D
cpu/mem_la_wdata_reg[14]/D
cpu/mem_la_wdata_reg[15]/D
cpu/mem_la_wdata_reg[16]/D
cpu/mem_la_wdata_reg[17]/D
cpu/mem_la_wdata_reg[18]/D
cpu/mem_la_wdata_reg[19]/D
cpu/mem_la_wdata_reg[20]/D
cpu/mem_la_wdata_reg[21]/D
cpu/mem_la_wdata_reg[22]/D
cpu/mem_la_wdata_reg[23]/D
cpu/mem_la_wdata_reg[24]/D
cpu/mem_la_wdata_reg[25]/D
cpu/mem_la_wdata_reg[26]/D
cpu/mem_la_wdata_reg[27]/D
cpu/mem_la_wdata_reg[28]/D
cpu/mem_la_wdata_reg[29]/D
cpu/mem_la_wdata_reg[30]/D
cpu/mem_la_wdata_reg[31]/D
cpu/mem_la_wstrb_reg[0]/D
cpu/mem_la_wstrb_reg[1]/D
cpu/mem_la_wstrb_reg[2]/D
cpu/mem_la_wstrb_reg[3]/D
cpu/mem_rdata_word_reg[0]/D
cpu/mem_rdata_word_reg[1]/D
cpu/mem_rdata_word_reg[2]/D
cpu/mem_rdata_word_reg[3]/D
cpu/mem_rdata_word_reg[4]/D
cpu/mem_rdata_word_reg[5]/D
cpu/mem_rdata_word_reg[6]/D
cpu/mem_rdata_word_reg[7]/D
cpu/mem_rdata_word_reg[8]/D
cpu/mem_rdata_word_reg[9]/D
cpu/mem_rdata_word_reg[10]/D
cpu/mem_rdata_word_reg[11]/D
cpu/mem_rdata_word_reg[12]/D
cpu/mem_rdata_word_reg[13]/D
cpu/mem_rdata_word_reg[14]/D
cpu/mem_rdata_word_reg[15]/D
cpu/mem_rdata_word_reg[16]/D
cpu/mem_rdata_word_reg[17]/D
cpu/mem_rdata_word_reg[18]/D
cpu/mem_rdata_word_reg[19]/D
cpu/mem_rdata_word_reg[20]/D
cpu/mem_rdata_word_reg[21]/D
cpu/mem_rdata_word_reg[22]/D
cpu/mem_rdata_word_reg[23]/D
cpu/mem_rdata_word_reg[24]/D
cpu/mem_rdata_word_reg[25]/D
cpu/mem_rdata_word_reg[26]/D
cpu/mem_rdata_word_reg[27]/D
cpu/mem_rdata_word_reg[28]/D
cpu/mem_rdata_word_reg[29]/D
cpu/mem_rdata_word_reg[30]/D
cpu/mem_rdata_word_reg[31]/D
cpu/mem_wdata_reg[0]/D
cpu/mem_wdata_reg[1]/D
cpu/mem_wdata_reg[2]/D
cpu/mem_wdata_reg[3]/D
cpu/mem_wdata_reg[4]/D
cpu/mem_wdata_reg[5]/D
cpu/mem_wdata_reg[6]/D
cpu/mem_wdata_reg[7]/D
cpu/mem_wdata_reg[8]/D
cpu/mem_wdata_reg[9]/D
cpu/mem_wdata_reg[10]/D
cpu/mem_wdata_reg[11]/D
cpu/mem_wdata_reg[12]/D
cpu/mem_wdata_reg[13]/D
cpu/mem_wdata_reg[14]/D
cpu/mem_wdata_reg[15]/D
cpu/mem_wdata_reg[16]/D
cpu/mem_wdata_reg[17]/D
cpu/mem_wdata_reg[18]/D
cpu/mem_wdata_reg[19]/D
cpu/mem_wdata_reg[20]/D
cpu/mem_wdata_reg[21]/D
cpu/mem_wdata_reg[22]/D
cpu/mem_wdata_reg[23]/D
cpu/mem_wdata_reg[24]/D
cpu/mem_wdata_reg[25]/D
cpu/mem_wdata_reg[26]/D
cpu/mem_wdata_reg[27]/D
cpu/mem_wdata_reg[28]/D
cpu/mem_wdata_reg[29]/D
cpu/mem_wdata_reg[30]/D
cpu/mem_wdata_reg[31]/D

Information: Checking pulse_clock_cell_type...

Information: Checking no_driving_cell...

Information: Checking partial_input_delay...
1
