 
****************************************
check_design summary:
Version:     T-2022.03-SP4
Date:        Mon Dec 22 15:56:23 2025
****************************************

                   Name                                            Total
--------------------------------------------------------------------------------
Inputs/Outputs                                                    373
    Unconnected ports (LINT-28)                                   339
    Feedthrough (LINT-29)                                           4
    Shorted outputs (LINT-31)                                      30

Cells                                                              35
    Nets connected to multiple pins on same cell (LINT-33)         35
--------------------------------------------------------------------------------

Warning: In design 'picorv32_1_1_1_1_1_0_00100000_00000000_00001000', port 'mem_addr[1]' is not connected to any nets. (LINT-28)
Warning: In design 'picorv32_1_1_1_1_1_0_00100000_00000000_00001000', port 'mem_addr[0]' is not connected to any nets. (LINT-28)
Warning: In design 'picorv32_1_1_1_1_1_0_00100000_00000000_00001000', port 'mem_la_addr[1]' is not connected to any nets. (LINT-28)
Warning: In design 'picorv32_1_1_1_1_1_0_00100000_00000000_00001000', port 'mem_la_addr[0]' is not connected to any nets. (LINT-28)
Warning: In design 'picorv32_1_1_1_1_1_0_00100000_00000000_00001000', port 'pcpi_wr' is not connected to any nets. (LINT-28)
Warning: In design 'picorv32_1_1_1_1_1_0_00100000_00000000_00001000', port 'pcpi_rd[31]' is not connected to any nets. (LINT-28)
Warning: In design 'picorv32_1_1_1_1_1_0_00100000_00000000_00001000', port 'pcpi_rd[30]' is not connected to any nets. (LINT-28)
Warning: In design 'picorv32_1_1_1_1_1_0_00100000_00000000_00001000', port 'pcpi_rd[29]' is not connected to any nets. (LINT-28)
Warning: In design 'picorv32_1_1_1_1_1_0_00100000_00000000_00001000', port 'pcpi_rd[28]' is not connected to any nets. (LINT-28)
Warning: In design 'picorv32_1_1_1_1_1_0_00100000_00000000_00001000', port 'pcpi_rd[27]' is not connected to any nets. (LINT-28)
Warning: In design 'picorv32_1_1_1_1_1_0_00100000_00000000_00001000', port 'pcpi_rd[26]' is not connected to any nets. (LINT-28)
Warning: In design 'picorv32_1_1_1_1_1_0_00100000_00000000_00001000', port 'pcpi_rd[25]' is not connected to any nets. (LINT-28)
Warning: In design 'picorv32_1_1_1_1_1_0_00100000_00000000_00001000', port 'pcpi_rd[24]' is not connected to any nets. (LINT-28)
Warning: In design 'picorv32_1_1_1_1_1_0_00100000_00000000_00001000', port 'pcpi_rd[23]' is not connected to any nets. (LINT-28)
Warning: In design 'picorv32_1_1_1_1_1_0_00100000_00000000_00001000', port 'pcpi_rd[22]' is not connected to any nets. (LINT-28)
Warning: In design 'picorv32_1_1_1_1_1_0_00100000_00000000_00001000', port 'pcpi_rd[21]' is not connected to any nets. (LINT-28)
Warning: In design 'picorv32_1_1_1_1_1_0_00100000_00000000_00001000', port 'pcpi_rd[20]' is not connected to any nets. (LINT-28)
Warning: In design 'picorv32_1_1_1_1_1_0_00100000_00000000_00001000', port 'pcpi_rd[19]' is not connected to any nets. (LINT-28)
Warning: In design 'picorv32_1_1_1_1_1_0_00100000_00000000_00001000', port 'pcpi_rd[18]' is not connected to any nets. (LINT-28)
Warning: In design 'picorv32_1_1_1_1_1_0_00100000_00000000_00001000', port 'pcpi_rd[17]' is not connected to any nets. (LINT-28)
Warning: In design 'picorv32_1_1_1_1_1_0_00100000_00000000_00001000', port 'pcpi_rd[16]' is not connected to any nets. (LINT-28)
Warning: In design 'picorv32_1_1_1_1_1_0_00100000_00000000_00001000', port 'pcpi_rd[15]' is not connected to any nets. (LINT-28)
Warning: In design 'picorv32_1_1_1_1_1_0_00100000_00000000_00001000', port 'pcpi_rd[14]' is not connected to any nets. (LINT-28)
Warning: In design 'picorv32_1_1_1_1_1_0_00100000_00000000_00001000', port 'pcpi_rd[13]' is not connected to any nets. (LINT-28)
Warning: In design 'picorv32_1_1_1_1_1_0_00100000_00000000_00001000', port 'pcpi_rd[12]' is not connected to any nets. (LINT-28)
Warning: In design 'picorv32_1_1_1_1_1_0_00100000_00000000_00001000', port 'pcpi_rd[11]' is not connected to any nets. (LINT-28)
Warning: In design 'picorv32_1_1_1_1_1_0_00100000_00000000_00001000', port 'pcpi_rd[10]' is not connected to any nets. (LINT-28)
Warning: In design 'picorv32_1_1_1_1_1_0_00100000_00000000_00001000', port 'pcpi_rd[9]' is not connected to any nets. (LINT-28)
Warning: In design 'picorv32_1_1_1_1_1_0_00100000_00000000_00001000', port 'pcpi_rd[8]' is not connected to any nets. (LINT-28)
Warning: In design 'picorv32_1_1_1_1_1_0_00100000_00000000_00001000', port 'pcpi_rd[7]' is not connected to any nets. (LINT-28)
Warning: In design 'picorv32_1_1_1_1_1_0_00100000_00000000_00001000', port 'pcpi_rd[6]' is not connected to any nets. (LINT-28)
Warning: In design 'picorv32_1_1_1_1_1_0_00100000_00000000_00001000', port 'pcpi_rd[5]' is not connected to any nets. (LINT-28)
Warning: In design 'picorv32_1_1_1_1_1_0_00100000_00000000_00001000', port 'pcpi_rd[4]' is not connected to any nets. (LINT-28)
Warning: In design 'picorv32_1_1_1_1_1_0_00100000_00000000_00001000', port 'pcpi_rd[3]' is not connected to any nets. (LINT-28)
Warning: In design 'picorv32_1_1_1_1_1_0_00100000_00000000_00001000', port 'pcpi_rd[2]' is not connected to any nets. (LINT-28)
Warning: In design 'picorv32_1_1_1_1_1_0_00100000_00000000_00001000', port 'pcpi_rd[1]' is not connected to any nets. (LINT-28)
Warning: In design 'picorv32_1_1_1_1_1_0_00100000_00000000_00001000', port 'pcpi_rd[0]' is not connected to any nets. (LINT-28)
Warning: In design 'picorv32_1_1_1_1_1_0_00100000_00000000_00001000', port 'pcpi_wait' is not connected to any nets. (LINT-28)
Warning: In design 'picorv32_1_1_1_1_1_0_00100000_00000000_00001000', port 'pcpi_ready' is not connected to any nets. (LINT-28)
Warning: In design 'picorv32_1_1_1_1_1_0_00100000_00000000_00001000', port 'irq[31]' is not connected to any nets. (LINT-28)
Warning: In design 'picorv32_1_1_1_1_1_0_00100000_00000000_00001000', port 'irq[30]' is not connected to any nets. (LINT-28)
Warning: In design 'picorv32_1_1_1_1_1_0_00100000_00000000_00001000', port 'irq[29]' is not connected to any nets. (LINT-28)
Warning: In design 'picorv32_1_1_1_1_1_0_00100000_00000000_00001000', port 'irq[28]' is not connected to any nets. (LINT-28)
Warning: In design 'picorv32_1_1_1_1_1_0_00100000_00000000_00001000', port 'irq[27]' is not connected to any nets. (LINT-28)
Warning: In design 'picorv32_1_1_1_1_1_0_00100000_00000000_00001000', port 'irq[26]' is not connected to any nets. (LINT-28)
Warning: In design 'picorv32_1_1_1_1_1_0_00100000_00000000_00001000', port 'irq[25]' is not connected to any nets. (LINT-28)
Warning: In design 'picorv32_1_1_1_1_1_0_00100000_00000000_00001000', port 'irq[24]' is not connected to any nets. (LINT-28)
Warning: In design 'picorv32_1_1_1_1_1_0_00100000_00000000_00001000', port 'irq[23]' is not connected to any nets. (LINT-28)
Warning: In design 'picorv32_1_1_1_1_1_0_00100000_00000000_00001000', port 'irq[22]' is not connected to any nets. (LINT-28)
Warning: In design 'picorv32_1_1_1_1_1_0_00100000_00000000_00001000', port 'irq[21]' is not connected to any nets. (LINT-28)
Warning: In design 'picorv32_1_1_1_1_1_0_00100000_00000000_00001000', port 'irq[20]' is not connected to any nets. (LINT-28)
Warning: In design 'picorv32_1_1_1_1_1_0_00100000_00000000_00001000', port 'irq[19]' is not connected to any nets. (LINT-28)
Warning: In design 'picorv32_1_1_1_1_1_0_00100000_00000000_00001000', port 'irq[18]' is not connected to any nets. (LINT-28)
Warning: In design 'picorv32_1_1_1_1_1_0_00100000_00000000_00001000', port 'irq[17]' is not connected to any nets. (LINT-28)
Warning: In design 'picorv32_1_1_1_1_1_0_00100000_00000000_00001000', port 'irq[16]' is not connected to any nets. (LINT-28)
Warning: In design 'picorv32_1_1_1_1_1_0_00100000_00000000_00001000', port 'irq[15]' is not connected to any nets. (LINT-28)
Warning: In design 'picorv32_1_1_1_1_1_0_00100000_00000000_00001000', port 'irq[14]' is not connected to any nets. (LINT-28)
Warning: In design 'picorv32_1_1_1_1_1_0_00100000_00000000_00001000', port 'irq[13]' is not connected to any nets. (LINT-28)
Warning: In design 'picorv32_1_1_1_1_1_0_00100000_00000000_00001000', port 'irq[12]' is not connected to any nets. (LINT-28)
Warning: In design 'picorv32_1_1_1_1_1_0_00100000_00000000_00001000', port 'irq[11]' is not connected to any nets. (LINT-28)
Warning: In design 'picorv32_1_1_1_1_1_0_00100000_00000000_00001000', port 'irq[4]' is not connected to any nets. (LINT-28)
Warning: In design 'picorv32_1_1_1_1_1_0_00100000_00000000_00001000', port 'irq[3]' is not connected to any nets. (LINT-28)
Warning: In design 'picorv32_1_1_1_1_1_0_00100000_00000000_00001000', port 'irq[2]' is not connected to any nets. (LINT-28)
Warning: In design 'picorv32_1_1_1_1_1_0_00100000_00000000_00001000', port 'irq[1]' is not connected to any nets. (LINT-28)
Warning: In design 'picorv32_1_1_1_1_1_0_00100000_00000000_00001000', port 'irq[0]' is not connected to any nets. (LINT-28)
Warning: In design 'picorv32_1_1_1_1_1_0_00100000_00000000_00001000', port 'eoi[31]' is not connected to any nets. (LINT-28)
Warning: In design 'picorv32_1_1_1_1_1_0_00100000_00000000_00001000', port 'eoi[30]' is not connected to any nets. (LINT-28)
Warning: In design 'picorv32_1_1_1_1_1_0_00100000_00000000_00001000', port 'eoi[29]' is not connected to any nets. (LINT-28)
Warning: In design 'picorv32_1_1_1_1_1_0_00100000_00000000_00001000', port 'eoi[28]' is not connected to any nets. (LINT-28)
Warning: In design 'picorv32_1_1_1_1_1_0_00100000_00000000_00001000', port 'eoi[27]' is not connected to any nets. (LINT-28)
Warning: In design 'picorv32_1_1_1_1_1_0_00100000_00000000_00001000', port 'eoi[26]' is not connected to any nets. (LINT-28)
Warning: In design 'picorv32_1_1_1_1_1_0_00100000_00000000_00001000', port 'eoi[25]' is not connected to any nets. (LINT-28)
Warning: In design 'picorv32_1_1_1_1_1_0_00100000_00000000_00001000', port 'eoi[24]' is not connected to any nets. (LINT-28)
Warning: In design 'picorv32_1_1_1_1_1_0_00100000_00000000_00001000', port 'eoi[23]' is not connected to any nets. (LINT-28)
Warning: In design 'picorv32_1_1_1_1_1_0_00100000_00000000_00001000', port 'eoi[22]' is not connected to any nets. (LINT-28)
Warning: In design 'picorv32_1_1_1_1_1_0_00100000_00000000_00001000', port 'eoi[21]' is not connected to any nets. (LINT-28)
Warning: In design 'picorv32_1_1_1_1_1_0_00100000_00000000_00001000', port 'eoi[20]' is not connected to any nets. (LINT-28)
Warning: In design 'picorv32_1_1_1_1_1_0_00100000_00000000_00001000', port 'eoi[19]' is not connected to any nets. (LINT-28)
Warning: In design 'picorv32_1_1_1_1_1_0_00100000_00000000_00001000', port 'eoi[18]' is not connected to any nets. (LINT-28)
Warning: In design 'picorv32_1_1_1_1_1_0_00100000_00000000_00001000', port 'eoi[17]' is not connected to any nets. (LINT-28)
Warning: In design 'picorv32_1_1_1_1_1_0_00100000_00000000_00001000', port 'eoi[16]' is not connected to any nets. (LINT-28)
Warning: In design 'picorv32_1_1_1_1_1_0_00100000_00000000_00001000', port 'eoi[15]' is not connected to any nets. (LINT-28)
Warning: In design 'picorv32_1_1_1_1_1_0_00100000_00000000_00001000', port 'eoi[14]' is not connected to any nets. (LINT-28)
Warning: In design 'picorv32_1_1_1_1_1_0_00100000_00000000_00001000', port 'eoi[13]' is not connected to any nets. (LINT-28)
Warning: In design 'picorv32_1_1_1_1_1_0_00100000_00000000_00001000', port 'eoi[12]' is not connected to any nets. (LINT-28)
Warning: In design 'picorv32_1_1_1_1_1_0_00100000_00000000_00001000', port 'eoi[11]' is not connected to any nets. (LINT-28)
Warning: In design 'picorv32_1_1_1_1_1_0_00100000_00000000_00001000', port 'eoi[4]' is not connected to any nets. (LINT-28)
Warning: In design 'picorv32_1_1_1_1_1_0_00100000_00000000_00001000', port 'eoi[3]' is not connected to any nets. (LINT-28)
Warning: In design 'picorv32_1_1_1_1_1_0_00100000_00000000_00001000', port 'trace_valid' is not connected to any nets. (LINT-28)
Warning: In design 'picorv32_1_1_1_1_1_0_00100000_00000000_00001000', port 'trace_data[35]' is not connected to any nets. (LINT-28)
Warning: In design 'picorv32_1_1_1_1_1_0_00100000_00000000_00001000', port 'trace_data[34]' is not connected to any nets. (LINT-28)
Warning: In design 'picorv32_1_1_1_1_1_0_00100000_00000000_00001000', port 'trace_data[33]' is not connected to any nets. (LINT-28)
Warning: In design 'picorv32_1_1_1_1_1_0_00100000_00000000_00001000', port 'trace_data[32]' is not connected to any nets. (LINT-28)
Warning: In design 'picorv32_1_1_1_1_1_0_00100000_00000000_00001000', port 'trace_data[31]' is not connected to any nets. (LINT-28)
Warning: In design 'picorv32_1_1_1_1_1_0_00100000_00000000_00001000', port 'trace_data[30]' is not connected to any nets. (LINT-28)
Warning: In design 'picorv32_1_1_1_1_1_0_00100000_00000000_00001000', port 'trace_data[29]' is not connected to any nets. (LINT-28)
Warning: In design 'picorv32_1_1_1_1_1_0_00100000_00000000_00001000', port 'trace_data[28]' is not connected to any nets. (LINT-28)
Warning: In design 'picorv32_1_1_1_1_1_0_00100000_00000000_00001000', port 'trace_data[27]' is not connected to any nets. (LINT-28)
Warning: In design 'picorv32_1_1_1_1_1_0_00100000_00000000_00001000', port 'trace_data[26]' is not connected to any nets. (LINT-28)
Warning: In design 'picorv32_1_1_1_1_1_0_00100000_00000000_00001000', port 'trace_data[25]' is not connected to any nets. (LINT-28)
Warning: In design 'picorv32_1_1_1_1_1_0_00100000_00000000_00001000', port 'trace_data[24]' is not connected to any nets. (LINT-28)
Warning: In design 'picorv32_1_1_1_1_1_0_00100000_00000000_00001000', port 'trace_data[23]' is not connected to any nets. (LINT-28)
Warning: In design 'picorv32_1_1_1_1_1_0_00100000_00000000_00001000', port 'trace_data[22]' is not connected to any nets. (LINT-28)
Warning: In design 'picorv32_1_1_1_1_1_0_00100000_00000000_00001000', port 'trace_data[21]' is not connected to any nets. (LINT-28)
Warning: In design 'picorv32_1_1_1_1_1_0_00100000_00000000_00001000', port 'trace_data[20]' is not connected to any nets. (LINT-28)
Warning: In design 'picorv32_1_1_1_1_1_0_00100000_00000000_00001000', port 'trace_data[19]' is not connected to any nets. (LINT-28)
Warning: In design 'picorv32_1_1_1_1_1_0_00100000_00000000_00001000', port 'trace_data[18]' is not connected to any nets. (LINT-28)
Warning: In design 'picorv32_1_1_1_1_1_0_00100000_00000000_00001000', port 'trace_data[17]' is not connected to any nets. (LINT-28)
Warning: In design 'picorv32_1_1_1_1_1_0_00100000_00000000_00001000', port 'trace_data[16]' is not connected to any nets. (LINT-28)
Warning: In design 'picorv32_1_1_1_1_1_0_00100000_00000000_00001000', port 'trace_data[15]' is not connected to any nets. (LINT-28)
Warning: In design 'picorv32_1_1_1_1_1_0_00100000_00000000_00001000', port 'trace_data[14]' is not connected to any nets. (LINT-28)
Warning: In design 'picorv32_1_1_1_1_1_0_00100000_00000000_00001000', port 'trace_data[13]' is not connected to any nets. (LINT-28)
Warning: In design 'picorv32_1_1_1_1_1_0_00100000_00000000_00001000', port 'trace_data[12]' is not connected to any nets. (LINT-28)
Warning: In design 'picorv32_1_1_1_1_1_0_00100000_00000000_00001000', port 'trace_data[11]' is not connected to any nets. (LINT-28)
Warning: In design 'picorv32_1_1_1_1_1_0_00100000_00000000_00001000', port 'trace_data[10]' is not connected to any nets. (LINT-28)
Warning: In design 'picorv32_1_1_1_1_1_0_00100000_00000000_00001000', port 'trace_data[9]' is not connected to any nets. (LINT-28)
Warning: In design 'picorv32_1_1_1_1_1_0_00100000_00000000_00001000', port 'trace_data[8]' is not connected to any nets. (LINT-28)
Warning: In design 'picorv32_1_1_1_1_1_0_00100000_00000000_00001000', port 'trace_data[7]' is not connected to any nets. (LINT-28)
Warning: In design 'picorv32_1_1_1_1_1_0_00100000_00000000_00001000', port 'trace_data[6]' is not connected to any nets. (LINT-28)
Warning: In design 'picorv32_1_1_1_1_1_0_00100000_00000000_00001000', port 'trace_data[5]' is not connected to any nets. (LINT-28)
Warning: In design 'picorv32_1_1_1_1_1_0_00100000_00000000_00001000', port 'trace_data[4]' is not connected to any nets. (LINT-28)
Warning: In design 'picorv32_1_1_1_1_1_0_00100000_00000000_00001000', port 'trace_data[3]' is not connected to any nets. (LINT-28)
Warning: In design 'picorv32_1_1_1_1_1_0_00100000_00000000_00001000', port 'trace_data[2]' is not connected to any nets. (LINT-28)
Warning: In design 'picorv32_1_1_1_1_1_0_00100000_00000000_00001000', port 'trace_data[1]' is not connected to any nets. (LINT-28)
Warning: In design 'picorv32_1_1_1_1_1_0_00100000_00000000_00001000', port 'trace_data[0]' is not connected to any nets. (LINT-28)
Warning: In design 'picorv32_1_1_1_1_1_0_00100000_00000000_00001000', port 'rvfi_pc_rdata[0]' is not connected to any nets. (LINT-28)
Warning: In design 'picorv32_1_1_1_1_1_0_00100000_00000000_00001000', port 'rvfi_pc_wdata[0]' is not connected to any nets. (LINT-28)
Warning: In design 'picorv32_1_1_1_1_1_0_00100000_00000000_00001000', port 'rvfi_mem_addr[1]' is not connected to any nets. (LINT-28)
Warning: In design 'picorv32_1_1_1_1_1_0_00100000_00000000_00001000', port 'rvfi_mem_addr[0]' is not connected to any nets. (LINT-28)
Warning: In design 'spimemio', port 'addr[1]' is not connected to any nets. (LINT-28)
Warning: In design 'spimemio', port 'addr[0]' is not connected to any nets. (LINT-28)
Warning: In design 'spimemio', port 'cfgreg_di[30]' is not connected to any nets. (LINT-28)
Warning: In design 'spimemio', port 'cfgreg_di[29]' is not connected to any nets. (LINT-28)
Warning: In design 'spimemio', port 'cfgreg_di[28]' is not connected to any nets. (LINT-28)
Warning: In design 'spimemio', port 'cfgreg_di[27]' is not connected to any nets. (LINT-28)
Warning: In design 'spimemio', port 'cfgreg_di[26]' is not connected to any nets. (LINT-28)
Warning: In design 'spimemio', port 'cfgreg_di[25]' is not connected to any nets. (LINT-28)
Warning: In design 'spimemio', port 'cfgreg_di[24]' is not connected to any nets. (LINT-28)
Warning: In design 'spimemio', port 'cfgreg_di[23]' is not connected to any nets. (LINT-28)
Warning: In design 'spimemio', port 'cfgreg_di[15]' is not connected to any nets. (LINT-28)
Warning: In design 'spimemio', port 'cfgreg_di[14]' is not connected to any nets. (LINT-28)
Warning: In design 'spimemio', port 'cfgreg_di[13]' is not connected to any nets. (LINT-28)
Warning: In design 'spimemio', port 'cfgreg_di[12]' is not connected to any nets. (LINT-28)
Warning: In design 'spimemio', port 'cfgreg_di[7]' is not connected to any nets. (LINT-28)
Warning: In design 'spimemio', port 'cfgreg_di[6]' is not connected to any nets. (LINT-28)
Warning: In design 'spimemio', port 'cfgreg_do[30]' is not connected to any nets. (LINT-28)
Warning: In design 'spimemio', port 'cfgreg_do[29]' is not connected to any nets. (LINT-28)
Warning: In design 'spimemio', port 'cfgreg_do[28]' is not connected to any nets. (LINT-28)
Warning: In design 'spimemio', port 'cfgreg_do[27]' is not connected to any nets. (LINT-28)
Warning: In design 'spimemio', port 'cfgreg_do[26]' is not connected to any nets. (LINT-28)
Warning: In design 'spimemio', port 'cfgreg_do[25]' is not connected to any nets. (LINT-28)
Warning: In design 'spimemio', port 'cfgreg_do[24]' is not connected to any nets. (LINT-28)
Warning: In design 'spimemio', port 'cfgreg_do[23]' is not connected to any nets. (LINT-28)
Warning: In design 'spimemio', port 'cfgreg_do[15]' is not connected to any nets. (LINT-28)
Warning: In design 'spimemio', port 'cfgreg_do[14]' is not connected to any nets. (LINT-28)
Warning: In design 'spimemio', port 'cfgreg_do[13]' is not connected to any nets. (LINT-28)
Warning: In design 'spimemio', port 'cfgreg_do[12]' is not connected to any nets. (LINT-28)
Warning: In design 'spimemio', port 'cfgreg_do[7]' is not connected to any nets. (LINT-28)
Warning: In design 'spimemio', port 'cfgreg_do[6]' is not connected to any nets. (LINT-28)
Warning: In design 'simpleuart', port 'reg_dat_di[31]' is not connected to any nets. (LINT-28)
Warning: In design 'simpleuart', port 'reg_dat_di[30]' is not connected to any nets. (LINT-28)
Warning: In design 'simpleuart', port 'reg_dat_di[29]' is not connected to any nets. (LINT-28)
Warning: In design 'simpleuart', port 'reg_dat_di[28]' is not connected to any nets. (LINT-28)
Warning: In design 'simpleuart', port 'reg_dat_di[27]' is not connected to any nets. (LINT-28)
Warning: In design 'simpleuart', port 'reg_dat_di[26]' is not connected to any nets. (LINT-28)
Warning: In design 'simpleuart', port 'reg_dat_di[25]' is not connected to any nets. (LINT-28)
Warning: In design 'simpleuart', port 'reg_dat_di[24]' is not connected to any nets. (LINT-28)
Warning: In design 'simpleuart', port 'reg_dat_di[23]' is not connected to any nets. (LINT-28)
Warning: In design 'simpleuart', port 'reg_dat_di[22]' is not connected to any nets. (LINT-28)
Warning: In design 'simpleuart', port 'reg_dat_di[21]' is not connected to any nets. (LINT-28)
Warning: In design 'simpleuart', port 'reg_dat_di[20]' is not connected to any nets. (LINT-28)
Warning: In design 'simpleuart', port 'reg_dat_di[19]' is not connected to any nets. (LINT-28)
Warning: In design 'simpleuart', port 'reg_dat_di[18]' is not connected to any nets. (LINT-28)
Warning: In design 'simpleuart', port 'reg_dat_di[17]' is not connected to any nets. (LINT-28)
Warning: In design 'simpleuart', port 'reg_dat_di[16]' is not connected to any nets. (LINT-28)
Warning: In design 'simpleuart', port 'reg_dat_di[15]' is not connected to any nets. (LINT-28)
Warning: In design 'simpleuart', port 'reg_dat_di[14]' is not connected to any nets. (LINT-28)
Warning: In design 'simpleuart', port 'reg_dat_di[13]' is not connected to any nets. (LINT-28)
Warning: In design 'simpleuart', port 'reg_dat_di[12]' is not connected to any nets. (LINT-28)
Warning: In design 'simpleuart', port 'reg_dat_di[11]' is not connected to any nets. (LINT-28)
Warning: In design 'simpleuart', port 'reg_dat_di[10]' is not connected to any nets. (LINT-28)
Warning: In design 'simpleuart', port 'reg_dat_di[9]' is not connected to any nets. (LINT-28)
Warning: In design 'simpleuart', port 'reg_dat_di[8]' is not connected to any nets. (LINT-28)
Warning: In design 'picorv32_pcpi_mul', port 'pcpi_insn[24]' is not connected to any nets. (LINT-28)
Warning: In design 'picorv32_pcpi_mul', port 'pcpi_insn[23]' is not connected to any nets. (LINT-28)
Warning: In design 'picorv32_pcpi_mul', port 'pcpi_insn[22]' is not connected to any nets. (LINT-28)
Warning: In design 'picorv32_pcpi_mul', port 'pcpi_insn[21]' is not connected to any nets. (LINT-28)
Warning: In design 'picorv32_pcpi_mul', port 'pcpi_insn[20]' is not connected to any nets. (LINT-28)
Warning: In design 'picorv32_pcpi_mul', port 'pcpi_insn[19]' is not connected to any nets. (LINT-28)
Warning: In design 'picorv32_pcpi_mul', port 'pcpi_insn[18]' is not connected to any nets. (LINT-28)
Warning: In design 'picorv32_pcpi_mul', port 'pcpi_insn[17]' is not connected to any nets. (LINT-28)
Warning: In design 'picorv32_pcpi_mul', port 'pcpi_insn[16]' is not connected to any nets. (LINT-28)
Warning: In design 'picorv32_pcpi_mul', port 'pcpi_insn[15]' is not connected to any nets. (LINT-28)
Warning: In design 'picorv32_pcpi_mul', port 'pcpi_insn[11]' is not connected to any nets. (LINT-28)
Warning: In design 'picorv32_pcpi_mul', port 'pcpi_insn[10]' is not connected to any nets. (LINT-28)
Warning: In design 'picorv32_pcpi_mul', port 'pcpi_insn[9]' is not connected to any nets. (LINT-28)
Warning: In design 'picorv32_pcpi_mul', port 'pcpi_insn[8]' is not connected to any nets. (LINT-28)
Warning: In design 'picorv32_pcpi_mul', port 'pcpi_insn[7]' is not connected to any nets. (LINT-28)
Warning: In design 'picorv32_pcpi_mul', port 'pcpi_rs1[31]' is not connected to any nets. (LINT-28)
Warning: In design 'picorv32_pcpi_mul', port 'pcpi_rs1[30]' is not connected to any nets. (LINT-28)
Warning: In design 'picorv32_pcpi_mul', port 'pcpi_rs1[29]' is not connected to any nets. (LINT-28)
Warning: In design 'picorv32_pcpi_mul', port 'pcpi_rs1[28]' is not connected to any nets. (LINT-28)
Warning: In design 'picorv32_pcpi_mul', port 'pcpi_rs1[27]' is not connected to any nets. (LINT-28)
Warning: In design 'picorv32_pcpi_mul', port 'pcpi_rs1[26]' is not connected to any nets. (LINT-28)
Warning: In design 'picorv32_pcpi_mul', port 'pcpi_rs1[25]' is not connected to any nets. (LINT-28)
Warning: In design 'picorv32_pcpi_mul', port 'pcpi_rs1[24]' is not connected to any nets. (LINT-28)
Warning: In design 'picorv32_pcpi_mul', port 'pcpi_rs1[23]' is not connected to any nets. (LINT-28)
Warning: In design 'picorv32_pcpi_mul', port 'pcpi_rs1[22]' is not connected to any nets. (LINT-28)
Warning: In design 'picorv32_pcpi_mul', port 'pcpi_rs1[21]' is not connected to any nets. (LINT-28)
Warning: In design 'picorv32_pcpi_mul', port 'pcpi_rs1[20]' is not connected to any nets. (LINT-28)
Warning: In design 'picorv32_pcpi_mul', port 'pcpi_rs1[19]' is not connected to any nets. (LINT-28)
Warning: In design 'picorv32_pcpi_mul', port 'pcpi_rs1[18]' is not connected to any nets. (LINT-28)
Warning: In design 'picorv32_pcpi_mul', port 'pcpi_rs1[17]' is not connected to any nets. (LINT-28)
Warning: In design 'picorv32_pcpi_mul', port 'pcpi_rs1[16]' is not connected to any nets. (LINT-28)
Warning: In design 'picorv32_pcpi_mul', port 'pcpi_rs1[15]' is not connected to any nets. (LINT-28)
Warning: In design 'picorv32_pcpi_mul', port 'pcpi_rs1[14]' is not connected to any nets. (LINT-28)
Warning: In design 'picorv32_pcpi_mul', port 'pcpi_rs1[13]' is not connected to any nets. (LINT-28)
Warning: In design 'picorv32_pcpi_mul', port 'pcpi_rs1[12]' is not connected to any nets. (LINT-28)
Warning: In design 'picorv32_pcpi_mul', port 'pcpi_rs1[11]' is not connected to any nets. (LINT-28)
Warning: In design 'picorv32_pcpi_mul', port 'pcpi_rs1[10]' is not connected to any nets. (LINT-28)
Warning: In design 'picorv32_pcpi_mul', port 'pcpi_rs1[9]' is not connected to any nets. (LINT-28)
Warning: In design 'picorv32_pcpi_mul', port 'pcpi_rs1[8]' is not connected to any nets. (LINT-28)
Warning: In design 'picorv32_pcpi_mul', port 'pcpi_rs1[7]' is not connected to any nets. (LINT-28)
Warning: In design 'picorv32_pcpi_mul', port 'pcpi_rs1[6]' is not connected to any nets. (LINT-28)
Warning: In design 'picorv32_pcpi_mul', port 'pcpi_rs1[5]' is not connected to any nets. (LINT-28)
Warning: In design 'picorv32_pcpi_mul', port 'pcpi_rs1[4]' is not connected to any nets. (LINT-28)
Warning: In design 'picorv32_pcpi_mul', port 'pcpi_rs1[3]' is not connected to any nets. (LINT-28)
Warning: In design 'picorv32_pcpi_mul', port 'pcpi_rs1[2]' is not connected to any nets. (LINT-28)
Warning: In design 'picorv32_pcpi_mul', port 'pcpi_rs1[1]' is not connected to any nets. (LINT-28)
Warning: In design 'picorv32_pcpi_mul', port 'pcpi_rs1[0]' is not connected to any nets. (LINT-28)
Warning: In design 'picorv32_pcpi_mul', port 'pcpi_rs2[31]' is not connected to any nets. (LINT-28)
Warning: In design 'picorv32_pcpi_mul', port 'pcpi_rs2[30]' is not connected to any nets. (LINT-28)
Warning: In design 'picorv32_pcpi_mul', port 'pcpi_rs2[29]' is not connected to any nets. (LINT-28)
Warning: In design 'picorv32_pcpi_mul', port 'pcpi_rs2[28]' is not connected to any nets. (LINT-28)
Warning: In design 'picorv32_pcpi_mul', port 'pcpi_rs2[27]' is not connected to any nets. (LINT-28)
Warning: In design 'picorv32_pcpi_mul', port 'pcpi_rs2[26]' is not connected to any nets. (LINT-28)
Warning: In design 'picorv32_pcpi_mul', port 'pcpi_rs2[25]' is not connected to any nets. (LINT-28)
Warning: In design 'picorv32_pcpi_mul', port 'pcpi_rs2[24]' is not connected to any nets. (LINT-28)
Warning: In design 'picorv32_pcpi_mul', port 'pcpi_rs2[23]' is not connected to any nets. (LINT-28)
Warning: In design 'picorv32_pcpi_mul', port 'pcpi_rs2[22]' is not connected to any nets. (LINT-28)
Warning: In design 'picorv32_pcpi_mul', port 'pcpi_rs2[21]' is not connected to any nets. (LINT-28)
Warning: In design 'picorv32_pcpi_mul', port 'pcpi_rs2[20]' is not connected to any nets. (LINT-28)
Warning: In design 'picorv32_pcpi_mul', port 'pcpi_rs2[19]' is not connected to any nets. (LINT-28)
Warning: In design 'picorv32_pcpi_mul', port 'pcpi_rs2[18]' is not connected to any nets. (LINT-28)
Warning: In design 'picorv32_pcpi_mul', port 'pcpi_rs2[17]' is not connected to any nets. (LINT-28)
Warning: In design 'picorv32_pcpi_mul', port 'pcpi_rs2[16]' is not connected to any nets. (LINT-28)
Warning: In design 'picorv32_pcpi_mul', port 'pcpi_rs2[15]' is not connected to any nets. (LINT-28)
Warning: In design 'picorv32_pcpi_mul', port 'pcpi_rs2[14]' is not connected to any nets. (LINT-28)
Warning: In design 'picorv32_pcpi_mul', port 'pcpi_rs2[13]' is not connected to any nets. (LINT-28)
Warning: In design 'picorv32_pcpi_mul', port 'pcpi_rs2[12]' is not connected to any nets. (LINT-28)
Warning: In design 'picorv32_pcpi_mul', port 'pcpi_rs2[11]' is not connected to any nets. (LINT-28)
Warning: In design 'picorv32_pcpi_mul', port 'pcpi_rs2[10]' is not connected to any nets. (LINT-28)
Warning: In design 'picorv32_pcpi_mul', port 'pcpi_rs2[9]' is not connected to any nets. (LINT-28)
Warning: In design 'picorv32_pcpi_mul', port 'pcpi_rs2[8]' is not connected to any nets. (LINT-28)
Warning: In design 'picorv32_pcpi_mul', port 'pcpi_rs2[7]' is not connected to any nets. (LINT-28)
Warning: In design 'picorv32_pcpi_mul', port 'pcpi_rs2[6]' is not connected to any nets. (LINT-28)
Warning: In design 'picorv32_pcpi_mul', port 'pcpi_rs2[5]' is not connected to any nets. (LINT-28)
Warning: In design 'picorv32_pcpi_mul', port 'pcpi_rs2[4]' is not connected to any nets. (LINT-28)
Warning: In design 'picorv32_pcpi_mul', port 'pcpi_rs2[3]' is not connected to any nets. (LINT-28)
Warning: In design 'picorv32_pcpi_mul', port 'pcpi_rs2[2]' is not connected to any nets. (LINT-28)
Warning: In design 'picorv32_pcpi_mul', port 'pcpi_rs2[1]' is not connected to any nets. (LINT-28)
Warning: In design 'picorv32_pcpi_mul', port 'pcpi_rs2[0]' is not connected to any nets. (LINT-28)
Warning: In design 'picorv32_pcpi_mul', port 'pcpi_rd[31]' is not connected to any nets. (LINT-28)
Warning: In design 'picorv32_pcpi_mul', port 'pcpi_rd[30]' is not connected to any nets. (LINT-28)
Warning: In design 'picorv32_pcpi_mul', port 'pcpi_rd[29]' is not connected to any nets. (LINT-28)
Warning: In design 'picorv32_pcpi_mul', port 'pcpi_rd[28]' is not connected to any nets. (LINT-28)
Warning: In design 'picorv32_pcpi_mul', port 'pcpi_rd[27]' is not connected to any nets. (LINT-28)
Warning: In design 'picorv32_pcpi_mul', port 'pcpi_rd[26]' is not connected to any nets. (LINT-28)
Warning: In design 'picorv32_pcpi_mul', port 'pcpi_rd[25]' is not connected to any nets. (LINT-28)
Warning: In design 'picorv32_pcpi_mul', port 'pcpi_rd[24]' is not connected to any nets. (LINT-28)
Warning: In design 'picorv32_pcpi_mul', port 'pcpi_rd[23]' is not connected to any nets. (LINT-28)
Warning: In design 'picorv32_pcpi_mul', port 'pcpi_rd[22]' is not connected to any nets. (LINT-28)
Warning: In design 'picorv32_pcpi_mul', port 'pcpi_rd[21]' is not connected to any nets. (LINT-28)
Warning: In design 'picorv32_pcpi_mul', port 'pcpi_rd[20]' is not connected to any nets. (LINT-28)
Warning: In design 'picorv32_pcpi_mul', port 'pcpi_rd[19]' is not connected to any nets. (LINT-28)
Warning: In design 'picorv32_pcpi_mul', port 'pcpi_rd[18]' is not connected to any nets. (LINT-28)
Warning: In design 'picorv32_pcpi_mul', port 'pcpi_rd[17]' is not connected to any nets. (LINT-28)
Warning: In design 'picorv32_pcpi_mul', port 'pcpi_rd[16]' is not connected to any nets. (LINT-28)
Warning: In design 'picorv32_pcpi_mul', port 'pcpi_rd[15]' is not connected to any nets. (LINT-28)
Warning: In design 'picorv32_pcpi_mul', port 'pcpi_rd[14]' is not connected to any nets. (LINT-28)
Warning: In design 'picorv32_pcpi_mul', port 'pcpi_rd[13]' is not connected to any nets. (LINT-28)
Warning: In design 'picorv32_pcpi_mul', port 'pcpi_rd[12]' is not connected to any nets. (LINT-28)
Warning: In design 'picorv32_pcpi_mul', port 'pcpi_rd[11]' is not connected to any nets. (LINT-28)
Warning: In design 'picorv32_pcpi_mul', port 'pcpi_rd[10]' is not connected to any nets. (LINT-28)
Warning: In design 'picorv32_pcpi_mul', port 'pcpi_rd[9]' is not connected to any nets. (LINT-28)
Warning: In design 'picorv32_pcpi_mul', port 'pcpi_rd[8]' is not connected to any nets. (LINT-28)
Warning: In design 'picorv32_pcpi_mul', port 'pcpi_rd[7]' is not connected to any nets. (LINT-28)
Warning: In design 'picorv32_pcpi_mul', port 'pcpi_rd[6]' is not connected to any nets. (LINT-28)
Warning: In design 'picorv32_pcpi_mul', port 'pcpi_rd[5]' is not connected to any nets. (LINT-28)
Warning: In design 'picorv32_pcpi_mul', port 'pcpi_rd[4]' is not connected to any nets. (LINT-28)
Warning: In design 'picorv32_pcpi_mul', port 'pcpi_rd[3]' is not connected to any nets. (LINT-28)
Warning: In design 'picorv32_pcpi_mul', port 'pcpi_rd[2]' is not connected to any nets. (LINT-28)
Warning: In design 'picorv32_pcpi_mul', port 'pcpi_rd[1]' is not connected to any nets. (LINT-28)
Warning: In design 'picorv32_pcpi_mul', port 'pcpi_rd[0]' is not connected to any nets. (LINT-28)
Warning: In design 'picorv32_pcpi_div', port 'pcpi_insn[24]' is not connected to any nets. (LINT-28)
Warning: In design 'picorv32_pcpi_div', port 'pcpi_insn[23]' is not connected to any nets. (LINT-28)
Warning: In design 'picorv32_pcpi_div', port 'pcpi_insn[22]' is not connected to any nets. (LINT-28)
Warning: In design 'picorv32_pcpi_div', port 'pcpi_insn[21]' is not connected to any nets. (LINT-28)
Warning: In design 'picorv32_pcpi_div', port 'pcpi_insn[20]' is not connected to any nets. (LINT-28)
Warning: In design 'picorv32_pcpi_div', port 'pcpi_insn[19]' is not connected to any nets. (LINT-28)
Warning: In design 'picorv32_pcpi_div', port 'pcpi_insn[18]' is not connected to any nets. (LINT-28)
Warning: In design 'picorv32_pcpi_div', port 'pcpi_insn[17]' is not connected to any nets. (LINT-28)
Warning: In design 'picorv32_pcpi_div', port 'pcpi_insn[16]' is not connected to any nets. (LINT-28)
Warning: In design 'picorv32_pcpi_div', port 'pcpi_insn[15]' is not connected to any nets. (LINT-28)
Warning: In design 'picorv32_pcpi_div', port 'pcpi_insn[11]' is not connected to any nets. (LINT-28)
Warning: In design 'picorv32_pcpi_div', port 'pcpi_insn[10]' is not connected to any nets. (LINT-28)
Warning: In design 'picorv32_pcpi_div', port 'pcpi_insn[9]' is not connected to any nets. (LINT-28)
Warning: In design 'picorv32_pcpi_div', port 'pcpi_insn[8]' is not connected to any nets. (LINT-28)
Warning: In design 'picorv32_pcpi_div', port 'pcpi_insn[7]' is not connected to any nets. (LINT-28)
Warning: In design 'spimemio_xfer', port 'din_tag[3]' is not connected to any nets. (LINT-28)
Warning: In design 'spimemio_xfer', port 'din_cont' is not connected to any nets. (LINT-28)
Warning: In design 'spimemio_xfer', port 'dout_tag[3]' is not connected to any nets. (LINT-28)
Warning: In design 'SNPS_CLOCK_GATE_HIGH_spimemio_0', port 'TE' is not connected to any nets. (LINT-28)
Warning: In design 'SNPS_CLOCK_GATE_HIGH_spimemio_9', port 'TE' is not connected to any nets. (LINT-28)
Warning: In design 'SNPS_CLOCK_GATE_HIGH_spimemio_8', port 'TE' is not connected to any nets. (LINT-28)
Warning: In design 'SNPS_CLOCK_GATE_HIGH_spimemio_7', port 'TE' is not connected to any nets. (LINT-28)
Warning: In design 'SNPS_CLOCK_GATE_HIGH_spimemio_6', port 'TE' is not connected to any nets. (LINT-28)
Warning: In design 'SNPS_CLOCK_GATE_HIGH_spimemio_5', port 'TE' is not connected to any nets. (LINT-28)
Warning: In design 'SNPS_CLOCK_GATE_HIGH_spimemio_4', port 'TE' is not connected to any nets. (LINT-28)
Warning: In design 'SNPS_CLOCK_GATE_HIGH_spimemio_3', port 'TE' is not connected to any nets. (LINT-28)
Warning: In design 'SNPS_CLOCK_GATE_HIGH_spimemio_2', port 'TE' is not connected to any nets. (LINT-28)
Warning: In design 'SNPS_CLOCK_GATE_HIGH_spimemio_1', port 'TE' is not connected to any nets. (LINT-28)
Warning: In design 'SNPS_CLOCK_GATE_HIGH_simpleuart_0', port 'TE' is not connected to any nets. (LINT-28)
Warning: In design 'SNPS_CLOCK_GATE_HIGH_simpleuart_7', port 'TE' is not connected to any nets. (LINT-28)
Warning: In design 'SNPS_CLOCK_GATE_HIGH_simpleuart_6', port 'TE' is not connected to any nets. (LINT-28)
Warning: In design 'SNPS_CLOCK_GATE_HIGH_simpleuart_5', port 'TE' is not connected to any nets. (LINT-28)
Warning: In design 'SNPS_CLOCK_GATE_HIGH_simpleuart_4', port 'TE' is not connected to any nets. (LINT-28)
Warning: In design 'SNPS_CLOCK_GATE_HIGH_simpleuart_3', port 'TE' is not connected to any nets. (LINT-28)
Warning: In design 'SNPS_CLOCK_GATE_HIGH_simpleuart_2', port 'TE' is not connected to any nets. (LINT-28)
Warning: In design 'SNPS_CLOCK_GATE_HIGH_simpleuart_1', port 'TE' is not connected to any nets. (LINT-28)
Warning: In design 'SNPS_CLOCK_GATE_HIGH_picorv32_pcpi_mul_0', port 'TE' is not connected to any nets. (LINT-28)
Warning: In design 'SNPS_CLOCK_GATE_HIGH_picorv32_pcpi_mul_3', port 'TE' is not connected to any nets. (LINT-28)
Warning: In design 'SNPS_CLOCK_GATE_HIGH_picorv32_pcpi_div_0', port 'TE' is not connected to any nets. (LINT-28)
Warning: In design 'SNPS_CLOCK_GATE_HIGH_picorv32_pcpi_div_1', port 'TE' is not connected to any nets. (LINT-28)
Warning: In design 'SNPS_CLOCK_GATE_HIGH_spimemio_xfer_0', port 'TE' is not connected to any nets. (LINT-28)
Warning: In design 'SNPS_CLOCK_GATE_HIGH_spimemio_xfer_4', port 'TE' is not connected to any nets. (LINT-28)
Warning: In design 'SNPS_CLOCK_GATE_HIGH_spimemio_xfer_3', port 'TE' is not connected to any nets. (LINT-28)
Warning: In design 'SNPS_CLOCK_GATE_HIGH_spimemio_xfer_2', port 'TE' is not connected to any nets. (LINT-28)
Warning: In design 'SNPS_CLOCK_GATE_HIGH_spimemio_xfer_1', port 'TE' is not connected to any nets. (LINT-28)
Warning: In design 'spimemio', input port 'flash_io0_di' is connected directly to output port 'cfgreg_do[0]'. (LINT-29)
Warning: In design 'spimemio', input port 'flash_io1_di' is connected directly to output port 'cfgreg_do[1]'. (LINT-29)
Warning: In design 'spimemio', input port 'flash_io2_di' is connected directly to output port 'cfgreg_do[2]'. (LINT-29)
Warning: In design 'spimemio', input port 'flash_io3_di' is connected directly to output port 'cfgreg_do[3]'. (LINT-29)
Warning: In design 'picorv32_1_1_1_1_1_0_00100000_00000000_00001000', output port 'rvfi_trap' is connected directly to output port 'rvfi_halt'. (LINT-31)
Warning: In design 'picorv32_1_1_1_1_1_0_00100000_00000000_00001000', output port 'rvfi_mem_rmask[3]' is connected directly to output port 'rvfi_mem_rmask[2]'. (LINT-31)
Warning: In design 'picorv32_1_1_1_1_1_0_00100000_00000000_00001000', output port 'rvfi_mem_rmask[3]' is connected directly to output port 'rvfi_mem_rmask[0]'. (LINT-31)
Warning: In design 'spimemio', output port 'flash_csb' is connected directly to output port 'cfgreg_do[5]'. (LINT-31)
Warning: In design 'spimemio', output port 'flash_clk' is connected directly to output port 'cfgreg_do[4]'. (LINT-31)
Warning: In design 'simpleuart', output port 'reg_dat_do[31]' is connected directly to output port 'reg_dat_do[30]'. (LINT-31)
Warning: In design 'simpleuart', output port 'reg_dat_do[31]' is connected directly to output port 'reg_dat_do[22]'. (LINT-31)
Warning: In design 'simpleuart', output port 'reg_dat_do[31]' is connected directly to output port 'reg_dat_do[21]'. (LINT-31)
Warning: In design 'simpleuart', output port 'reg_dat_do[31]' is connected directly to output port 'reg_dat_do[10]'. (LINT-31)
Warning: In design 'simpleuart', output port 'reg_dat_do[31]' is connected directly to output port 'reg_dat_do[19]'. (LINT-31)
Warning: In design 'simpleuart', output port 'reg_dat_do[31]' is connected directly to output port 'reg_dat_do[15]'. (LINT-31)
Warning: In design 'simpleuart', output port 'reg_dat_do[31]' is connected directly to output port 'reg_dat_do[14]'. (LINT-31)
Warning: In design 'simpleuart', output port 'reg_dat_do[31]' is connected directly to output port 'reg_dat_do[18]'. (LINT-31)
Warning: In design 'simpleuart', output port 'reg_dat_do[31]' is connected directly to output port 'reg_dat_do[16]'. (LINT-31)
Warning: In design 'simpleuart', output port 'reg_dat_do[31]' is connected directly to output port 'reg_dat_do[13]'. (LINT-31)
Warning: In design 'simpleuart', output port 'reg_dat_do[31]' is connected directly to output port 'reg_dat_do[12]'. (LINT-31)
Warning: In design 'simpleuart', output port 'reg_dat_do[31]' is connected directly to output port 'reg_dat_do[11]'. (LINT-31)
Warning: In design 'simpleuart', output port 'reg_dat_do[31]' is connected directly to output port 'reg_dat_do[17]'. (LINT-31)
Warning: In design 'simpleuart', output port 'reg_dat_do[31]' is connected directly to output port 'reg_dat_do[8]'. (LINT-31)
Warning: In design 'simpleuart', output port 'reg_dat_do[31]' is connected directly to output port 'reg_dat_do[9]'. (LINT-31)
Warning: In design 'simpleuart', output port 'reg_dat_do[29]' is connected directly to output port 'reg_dat_do[27]'. (LINT-31)
Warning: In design 'simpleuart', output port 'reg_dat_do[29]' is connected directly to output port 'reg_dat_do[20]'. (LINT-31)
Warning: In design 'simpleuart', output port 'reg_dat_do[29]' is connected directly to output port 'reg_dat_do[24]'. (LINT-31)
Warning: In design 'simpleuart', output port 'reg_dat_do[29]' is connected directly to output port 'reg_dat_do[23]'. (LINT-31)
Warning: In design 'simpleuart', output port 'reg_dat_do[29]' is connected directly to output port 'reg_dat_do[28]'. (LINT-31)
Warning: In design 'simpleuart', output port 'reg_dat_do[29]' is connected directly to output port 'reg_dat_do[26]'. (LINT-31)
Warning: In design 'simpleuart', output port 'reg_dat_do[29]' is connected directly to output port 'reg_dat_do[25]'. (LINT-31)
Warning: In design 'picorv32_pcpi_mul', output port 'pcpi_wr' is connected directly to output port 'pcpi_ready'. (LINT-31)
Warning: In design 'picorv32_pcpi_div', output port 'pcpi_wr' is connected directly to output port 'pcpi_ready'. (LINT-31)
Warning: In design 'spimemio_xfer', output port 'flash_io2_oe' is connected directly to output port 'flash_io3_oe'. (LINT-31)
Warning: In design 'raven_soc', the same net is connected to more than one pin on submodule 'cpu'. (LINT-33)
   Net 'n2738' is connected to pins 'pcpi_wr', 'pcpi_rd[31]'', 'pcpi_rd[30]', 'pcpi_rd[29]', 'pcpi_rd[28]', 'pcpi_rd[27]', 'pcpi_rd[26]', 'pcpi_rd[25]', 'pcpi_rd[24]', 'pcpi_rd[23]', 'pcpi_rd[22]', 'pcpi_rd[21]', 'pcpi_rd[20]', 'pcpi_rd[19]', 'pcpi_rd[18]', 'pcpi_rd[17]', 'pcpi_rd[16]', 'pcpi_rd[15]', 'pcpi_rd[14]', 'pcpi_rd[13]', 'pcpi_rd[12]', 'pcpi_rd[11]', 'pcpi_rd[10]', 'pcpi_rd[9]', 'pcpi_rd[8]', 'pcpi_rd[7]', 'pcpi_rd[6]', 'pcpi_rd[5]', 'pcpi_rd[4]', 'pcpi_rd[3]', 'pcpi_rd[2]', 'pcpi_rd[1]', 'pcpi_rd[0]', 'pcpi_wait', 'pcpi_ready', 'irq[31]', 'irq[30]', 'irq[29]', 'irq[28]', 'irq[27]', 'irq[26]', 'irq[25]', 'irq[24]', 'irq[23]', 'irq[22]', 'irq[21]', 'irq[20]', 'irq[19]', 'irq[18]', 'irq[17]', 'irq[16]', 'irq[15]', 'irq[14]', 'irq[13]', 'irq[12]', 'irq[11]', 'irq[4]', 'irq[3]', 'irq[2]', 'irq[1]', 'irq[0]'.
Warning: In design 'raven_soc', the same net is connected to more than one pin on submodule 'spimemio'. (LINT-33)
   Net 'n2739' is connected to pins 'addr[1]', 'addr[0]''.
Warning: In design 'raven_soc', the same net is connected to more than one pin on submodule 'simpleuart'. (LINT-33)
   Net 'ram_wdata[31]' is connected to pins 'reg_div_di[31]', 'reg_dat_di[31]''.
Warning: In design 'raven_soc', the same net is connected to more than one pin on submodule 'simpleuart'. (LINT-33)
   Net 'ram_wdata[30]' is connected to pins 'reg_div_di[30]', 'reg_dat_di[30]''.
Warning: In design 'raven_soc', the same net is connected to more than one pin on submodule 'simpleuart'. (LINT-33)
   Net 'ram_wdata[29]' is connected to pins 'reg_div_di[29]', 'reg_dat_di[29]''.
Warning: In design 'raven_soc', the same net is connected to more than one pin on submodule 'simpleuart'. (LINT-33)
   Net 'ram_wdata[28]' is connected to pins 'reg_div_di[28]', 'reg_dat_di[28]''.
Warning: In design 'raven_soc', the same net is connected to more than one pin on submodule 'simpleuart'. (LINT-33)
   Net 'ram_wdata[27]' is connected to pins 'reg_div_di[27]', 'reg_dat_di[27]''.
Warning: In design 'raven_soc', the same net is connected to more than one pin on submodule 'simpleuart'. (LINT-33)
   Net 'ram_wdata[26]' is connected to pins 'reg_div_di[26]', 'reg_dat_di[26]''.
Warning: In design 'raven_soc', the same net is connected to more than one pin on submodule 'simpleuart'. (LINT-33)
   Net 'ram_wdata[25]' is connected to pins 'reg_div_di[25]', 'reg_dat_di[25]''.
Warning: In design 'raven_soc', the same net is connected to more than one pin on submodule 'simpleuart'. (LINT-33)
   Net 'ram_wdata[24]' is connected to pins 'reg_div_di[24]', 'reg_dat_di[24]''.
Warning: In design 'raven_soc', the same net is connected to more than one pin on submodule 'simpleuart'. (LINT-33)
   Net 'ram_wdata[23]' is connected to pins 'reg_div_di[23]', 'reg_dat_di[23]''.
Warning: In design 'raven_soc', the same net is connected to more than one pin on submodule 'simpleuart'. (LINT-33)
   Net 'ram_wdata[22]' is connected to pins 'reg_div_di[22]', 'reg_dat_di[22]''.
Warning: In design 'raven_soc', the same net is connected to more than one pin on submodule 'simpleuart'. (LINT-33)
   Net 'ram_wdata[21]' is connected to pins 'reg_div_di[21]', 'reg_dat_di[21]''.
Warning: In design 'raven_soc', the same net is connected to more than one pin on submodule 'simpleuart'. (LINT-33)
   Net 'ram_wdata[20]' is connected to pins 'reg_div_di[20]', 'reg_dat_di[20]''.
Warning: In design 'raven_soc', the same net is connected to more than one pin on submodule 'simpleuart'. (LINT-33)
   Net 'ram_wdata[19]' is connected to pins 'reg_div_di[19]', 'reg_dat_di[19]''.
Warning: In design 'raven_soc', the same net is connected to more than one pin on submodule 'simpleuart'. (LINT-33)
   Net 'ram_wdata[18]' is connected to pins 'reg_div_di[18]', 'reg_dat_di[18]''.
Warning: In design 'raven_soc', the same net is connected to more than one pin on submodule 'simpleuart'. (LINT-33)
   Net 'ram_wdata[17]' is connected to pins 'reg_div_di[17]', 'reg_dat_di[17]''.
Warning: In design 'raven_soc', the same net is connected to more than one pin on submodule 'simpleuart'. (LINT-33)
   Net 'ram_wdata[16]' is connected to pins 'reg_div_di[16]', 'reg_dat_di[16]''.
Warning: In design 'raven_soc', the same net is connected to more than one pin on submodule 'simpleuart'. (LINT-33)
   Net 'ram_wdata[15]' is connected to pins 'reg_div_di[15]', 'reg_dat_di[15]''.
Warning: In design 'raven_soc', the same net is connected to more than one pin on submodule 'simpleuart'. (LINT-33)
   Net 'ram_wdata[14]' is connected to pins 'reg_div_di[14]', 'reg_dat_di[14]''.
Warning: In design 'raven_soc', the same net is connected to more than one pin on submodule 'simpleuart'. (LINT-33)
   Net 'ram_wdata[13]' is connected to pins 'reg_div_di[13]', 'reg_dat_di[13]''.
Warning: In design 'raven_soc', the same net is connected to more than one pin on submodule 'simpleuart'. (LINT-33)
   Net 'ram_wdata[12]' is connected to pins 'reg_div_di[12]', 'reg_dat_di[12]''.
Warning: In design 'raven_soc', the same net is connected to more than one pin on submodule 'simpleuart'. (LINT-33)
   Net 'ram_wdata[11]' is connected to pins 'reg_div_di[11]', 'reg_dat_di[11]''.
Warning: In design 'raven_soc', the same net is connected to more than one pin on submodule 'simpleuart'. (LINT-33)
   Net 'ram_wdata[10]' is connected to pins 'reg_div_di[10]', 'reg_dat_di[10]''.
Warning: In design 'raven_soc', the same net is connected to more than one pin on submodule 'simpleuart'. (LINT-33)
   Net 'ram_wdata[9]' is connected to pins 'reg_div_di[9]', 'reg_dat_di[9]''.
Warning: In design 'raven_soc', the same net is connected to more than one pin on submodule 'simpleuart'. (LINT-33)
   Net 'ram_wdata[8]' is connected to pins 'reg_div_di[8]', 'reg_dat_di[8]''.
Warning: In design 'raven_soc', the same net is connected to more than one pin on submodule 'simpleuart'. (LINT-33)
   Net 'ram_wdata[7]' is connected to pins 'reg_div_di[7]', 'reg_dat_di[7]''.
Warning: In design 'raven_soc', the same net is connected to more than one pin on submodule 'simpleuart'. (LINT-33)
   Net 'ram_wdata[6]' is connected to pins 'reg_div_di[6]', 'reg_dat_di[6]''.
Warning: In design 'raven_soc', the same net is connected to more than one pin on submodule 'simpleuart'. (LINT-33)
   Net 'ram_wdata[5]' is connected to pins 'reg_div_di[5]', 'reg_dat_di[5]''.
Warning: In design 'raven_soc', the same net is connected to more than one pin on submodule 'simpleuart'. (LINT-33)
   Net 'ram_wdata[4]' is connected to pins 'reg_div_di[4]', 'reg_dat_di[4]''.
Warning: In design 'raven_soc', the same net is connected to more than one pin on submodule 'simpleuart'. (LINT-33)
   Net 'ram_wdata[3]' is connected to pins 'reg_div_di[3]', 'reg_dat_di[3]''.
Warning: In design 'raven_soc', the same net is connected to more than one pin on submodule 'simpleuart'. (LINT-33)
   Net 'ram_wdata[2]' is connected to pins 'reg_div_di[2]', 'reg_dat_di[2]''.
Warning: In design 'raven_soc', the same net is connected to more than one pin on submodule 'simpleuart'. (LINT-33)
   Net 'ram_wdata[1]' is connected to pins 'reg_div_di[1]', 'reg_dat_di[1]''.
Warning: In design 'raven_soc', the same net is connected to more than one pin on submodule 'simpleuart'. (LINT-33)
   Net 'ram_wdata[0]' is connected to pins 'reg_div_di[0]', 'reg_dat_di[0]''.
Warning: In design 'spimemio', the same net is connected to more than one pin on submodule 'xfer'. (LINT-33)
   Net 'n984' is connected to pins 'din_tag[3]', 'din_cont''.
1
