 
****************************************
Report : timing
        -path full
        -delay min
        -max_paths 1
Design : raven_soc
Version: T-2022.03-SP4
Date   : Mon Dec 22 15:56:23 2025
****************************************

 * Some/all delay information is back-annotated.
Wire Load Model Mode: Inactive.

  Startpoint: cpu/decoder_trigger_q_reg
              (rising edge-triggered flip-flop clocked by clk)
  Endpoint: cpu/clk_gate_cached_insn_rs1_reg/latch
            (gating element for clock clk)
  Path Group: clk
  Path Type: min

  Point                                                   Incr       Path      Voltage
  ------------------------------------------------------------------------------------
  clock clk (rise edge)                                   0.00       0.00      
  clock network delay (ideal)                             0.00       0.00      
  cpu/decoder_trigger_q_reg/CK (SAEDRVT14_FDP_V2LP_0P5)
                                                          0.00       0.00 r    0.60
  cpu/decoder_trigger_q_reg/Q (SAEDRVT14_FDP_V2LP_0P5)
                                                          0.04       0.04 f    0.60
  cpu/clk_gate_cached_insn_rs1_reg/EN (SNPS_CLOCK_GATE_HIGH_picorv32_1_1_1_1_1_0_00100000_00000000_00001000_53)
                                                          0.00       0.04 f    
  cpu/clk_gate_cached_insn_rs1_reg/latch/EN (SAEDRVT14_CKGTPLT_V5_1)
                                                          0.00 *     0.04 f    0.60
  data arrival time                                                  0.04      

  clock clk (rise edge)                                   0.00       0.00      
  clock network delay (ideal)                             0.00       0.00      
  cpu/clk_gate_cached_insn_rs1_reg/latch/CK (SAEDRVT14_CKGTPLT_V5_1)
                                                          0.00       0.00 r    
  clock gating hold time                                  0.01       0.01      
  data required time                                                 0.01      
  ------------------------------------------------------------------------------------
  data required time                                                 0.01      
  data arrival time                                                 -0.04      
  ------------------------------------------------------------------------------------
  slack (MET)                                                        0.04      


  Startpoint: cpu/decoder_trigger_q_reg
              (rising edge-triggered flip-flop clocked by clk)
  Endpoint: cpu/clk_gate_cached_insn_rs1_reg/latch
            (gating element for clock e_clk)
  Path Group: e_clk
  Path Type: min

  Point                                                   Incr       Path      Voltage
  ------------------------------------------------------------------------------------
  clock clk (rise edge)                                   0.00       0.00      
  clock network delay (ideal)                             0.00       0.00      
  cpu/decoder_trigger_q_reg/CK (SAEDRVT14_FDP_V2LP_0P5)
                                                          0.00       0.00 r    0.60
  cpu/decoder_trigger_q_reg/Q (SAEDRVT14_FDP_V2LP_0P5)
                                                          0.04       0.04 f    0.60
  cpu/clk_gate_cached_insn_rs1_reg/EN (SNPS_CLOCK_GATE_HIGH_picorv32_1_1_1_1_1_0_00100000_00000000_00001000_53)
                                                          0.00       0.04 f    
  cpu/clk_gate_cached_insn_rs1_reg/latch/EN (SAEDRVT14_CKGTPLT_V5_1)
                                                          0.00 *     0.04 f    0.60
  data arrival time                                                  0.04      

  clock e_clk (rise edge)                                 0.00       0.00      
  clock network delay (ideal)                             0.00       0.00      
  cpu/clk_gate_cached_insn_rs1_reg/latch/CK (SAEDRVT14_CKGTPLT_V5_1)
                                                          0.00       0.00 r    
  clock gating hold time                                  0.01       0.01      
  data required time                                                 0.01      
  ------------------------------------------------------------------------------------
  data required time                                                 0.01      
  data arrival time                                                 -0.04      
  ------------------------------------------------------------------------------------
  slack (MET)                                                        0.04      


  Startpoint: pll_clk (clock source 'clk')
  Endpoint: gpio_out[8]
            (output port clocked by e_clk)
  Path Group: in2out
  Path Type: min

  Point                                    Incr       Path      Voltage
  ---------------------------------------------------------------------
  clock clk (rise edge)                    0.00       0.00      
  pll_clk (in)                             0.00       0.00 r    
  U108/X (SAEDLVT14_MUX2_1)                0.02 *     0.02 r    0.60
  gpio_out[8] (out)                        0.00 *     0.02 r    
  data arrival time                                   0.02      

  clock e_clk (rise edge)                  0.00       0.00      
  clock network delay (ideal)              0.00       0.00      
  output external delay                   -0.75      -0.75      
  data required time                                 -0.75      
  ---------------------------------------------------------------------
  data required time                                 -0.75      
  data arrival time                                  -0.02      
  ---------------------------------------------------------------------
  slack (MET)                                         0.77      


  Startpoint: pll_clk (clock source 'clk')
  Endpoint: iomem_rdata_reg[24]
            (rising edge-triggered flip-flop clocked by e_clk)
  Path Group: in2reg
  Path Type: min

  Point                                                   Incr       Path      Voltage
  ------------------------------------------------------------------------------------
  clock clk (fall edge)                                   5.00       5.00      
  pll_clk (in)                                            0.00       5.00 f    
  U108/X (SAEDLVT14_MUX2_1)                               0.02 *     5.02 f    0.60
  U2012/X (SAEDRVT14_INV_0P5)                             0.01 *     5.03 r    0.60
  U2013/X (SAEDRVT14_AN2B_MM_1)                           0.02 *     5.05 f    0.60
  iomem_rdata_reg[24]/D (SAEDRVT14_FDP_V2LP_0P5)          0.00 *     5.05 f    0.60
  data arrival time                                                  5.05      

  clock e_clk (rise edge)                                 5.00       5.00      
  clock network delay (ideal)                             0.00       5.00      
  iomem_rdata_reg[24]/CK (SAEDRVT14_FDP_V2LP_0P5)         0.00       5.00 r    
  library hold time                                       0.00       5.00      
  data required time                                                 5.00      
  ------------------------------------------------------------------------------------
  data required time                                                 5.00      
  data arrival time                                                 -5.05      
  ------------------------------------------------------------------------------------
  slack (MET)                                                        0.05      


  Startpoint: overtemp_ena_reg
              (rising edge-triggered flip-flop clocked by clk)
  Endpoint: overtemp_ena
            (output port clocked by e_clk)
  Path Group: reg2out
  Path Type: min

  Point                                                   Incr       Path      Voltage
  ------------------------------------------------------------------------------------
  clock clk (rise edge)                                   0.00       0.00      
  clock network delay (ideal)                             0.00       0.00      
  overtemp_ena_reg/CK (SAEDRVT14_FDP_V2_0P5)              0.00       0.00 r    0.60
  overtemp_ena_reg/Q (SAEDRVT14_FDP_V2_0P5)               0.02       0.02 r    0.60
  overtemp_ena (out)                                      0.00 *     0.02 r    
  data arrival time                                                  0.02      

  clock e_clk (rise edge)                                 0.00       0.00      
  clock network delay (ideal)                             0.00       0.00      
  output external delay                                  -0.75      -0.75      
  data required time                                                -0.75      
  ------------------------------------------------------------------------------------
  data required time                                                -0.75      
  data arrival time                                                 -0.02      
  ------------------------------------------------------------------------------------
  slack (MET)                                                        0.77      


  Startpoint: spimemio/xfer/ibuffer_reg[2]
              (rising edge-triggered flip-flop clocked by clk)
  Endpoint: spimemio/buffer_reg[10]
            (rising edge-triggered flip-flop clocked by clk)
  Path Group: reg2reg
  Path Type: min

  Point                                                   Incr       Path      Voltage
  ------------------------------------------------------------------------------------
  clock clk (rise edge)                                   0.00       0.00      
  clock network delay (ideal)                             0.00       0.00      
  spimemio/xfer/ibuffer_reg[2]/CK (SAEDLVT14_FDP_V2LP_1)
                                                          0.00       0.00 r    0.72
  spimemio/xfer/ibuffer_reg[2]/Q (SAEDLVT14_FDP_V2LP_1)
                                                         -0.08      -0.08 f    0.72
  spimemio/xfer/dout_data[2] (spimemio_xfer)              0.00      -0.08 f    
  spimemio/buffer_reg[10]/D (SAEDRVT14_FDP_V2LP_0P5)      0.00 *    -0.08 f    0.72
  data arrival time                                                 -0.08      

  clock clk (rise edge)                                   0.00       0.00      
  clock network delay (ideal)                             0.00       0.00      
  spimemio/buffer_reg[10]/CK (SAEDRVT14_FDP_V2LP_0P5)     0.00       0.00 r    
  library hold time                                      -0.02      -0.02      
  data required time                                                -0.02      
  ------------------------------------------------------------------------------------
  data required time                                                -0.02      
  data arrival time                                                  0.08      
  ------------------------------------------------------------------------------------
  slack (VIOLATED)                                                  -0.06      


1
