 
****************************************
Report : timing
        -path full
        -delay min
        -max_paths 1
Design : spimemio
Version: T-2022.03-SP4
Date   : Thu Nov 20 09:34:29 2025
****************************************

 * Some/all delay information is back-annotated.
Wire Load Model Mode: Inactive.

  Startpoint: xfer/xfer_dspi_reg
              (rising edge-triggered flip-flop clocked by clock)
  Endpoint: xfer/clk_gate_ibuffer_reg/latch
            (gating element for clock clock)
  Path Group: clock
  Path Type: min

  Point                                                   Incr       Path      Voltage
  ------------------------------------------------------------------------------------
  clock clock (rise edge)                                 0.00       0.00      
  clock network delay (ideal)                             0.00       0.00      
  xfer/xfer_dspi_reg/CK (SAEDRVT14_FDP_V2_0P5)            0.00       0.00 r    0.72
  xfer/xfer_dspi_reg/Q (SAEDRVT14_FDP_V2_0P5)            -0.01      -0.01 f    0.72
  xfer/U7/X (SAEDRVT14_NR2_MM_8)                          0.00 *     0.00 r    0.72
  xfer/U14/X (SAEDRVT14_OA31_1)                           0.02 *     0.01 r    0.72
  xfer/clk_gate_ibuffer_reg/EN (SNPS_CLOCK_GATE_HIGH_spimemio_xfer_2)
                                                          0.00       0.01 r    
  xfer/clk_gate_ibuffer_reg/latch/EN (SAEDRVT14_CKGTPLT_V5_1)
                                                          0.00 *     0.01 r    0.72
  data arrival time                                                  0.01      

  clock clock (rise edge)                                 0.00       0.00      
  clock network delay (ideal)                             0.00       0.00      
  xfer/clk_gate_ibuffer_reg/latch/CK (SAEDRVT14_CKGTPLT_V5_1)
                                                          0.00       0.00 r    
  clock gating hold time                                 -0.01      -0.01      
  data required time                                                -0.01      
  ------------------------------------------------------------------------------------
  data required time                                                -0.01      
  data arrival time                                                 -0.01      
  ------------------------------------------------------------------------------------
  slack (MET)                                                        0.03      


  Startpoint: flash_io0_di
              (input port clocked by clock)
  Endpoint: cfgreg_do[0]
            (output port clocked by clock)
  Path Group: in2out
  Path Type: min

  Point                                    Incr       Path      Voltage
  ---------------------------------------------------------------------
  clock clock (rise edge)                  0.00       0.00      
  clock network delay (ideal)              0.00       0.00      
  input external delay                     0.75       0.75 r    
  flash_io0_di (in)                        0.00       0.75 r    
  cfgreg_do[0] (out)                       0.00 *     0.75 r    
  data arrival time                                   0.75      

  clock clock (rise edge)                  0.00       0.00      
  clock network delay (ideal)              0.00       0.00      
  output external delay                   -0.75      -0.75      
  data required time                                 -0.75      
  ---------------------------------------------------------------------
  data required time                                 -0.75      
  data arrival time                                  -0.75      
  ---------------------------------------------------------------------
  slack (MET)                                         1.50      


  Startpoint: valid (input port clocked by clock)
  Endpoint: rd_wait_reg
            (rising edge-triggered flip-flop clocked by clock)
  Path Group: in2reg
  Path Type: min

  Point                                                   Incr       Path      Voltage
  ------------------------------------------------------------------------------------
  clock clock (rise edge)                                 0.00       0.00      
  clock network delay (ideal)                             0.00       0.00      
  input external delay                                    0.75       0.75 r    
  valid (in)                                              0.00       0.75 r    
  U1243/X (SAEDRVT14_OAI22_0P5)                           0.00 *     0.75 f    0.72
  rd_wait_reg/D (SAEDRVT14_FDP_V2LP_0P5)                  0.00 *     0.75 f    0.72
  data arrival time                                                  0.75      

  clock clock (rise edge)                                 0.00       0.00      
  clock network delay (ideal)                             0.00       0.00      
  rd_wait_reg/CK (SAEDRVT14_FDP_V2LP_0P5)                 0.00       0.00 r    
  library hold time                                       0.00       0.00      
  data required time                                                 0.00      
  ------------------------------------------------------------------------------------
  data required time                                                 0.00      
  data arrival time                                                 -0.75      
  ------------------------------------------------------------------------------------
  slack (MET)                                                        0.76      


  Startpoint: config_ddr_reg
              (rising edge-triggered flip-flop clocked by clock)
  Endpoint: cfgreg_do[22]
            (output port clocked by clock)
  Path Group: reg2out
  Path Type: min

  Point                                                   Incr       Path      Voltage
  ------------------------------------------------------------------------------------
  clock clock (rise edge)                                 0.00       0.00      
  clock network delay (ideal)                             0.00       0.00      
  config_ddr_reg/CK (SAEDRVT14_FDP_V2_0P5)                0.00       0.00 r    0.72
  config_ddr_reg/Q (SAEDRVT14_FDP_V2_0P5)                 0.00       0.00 f    0.72
  cfgreg_do[22] (out)                                     0.00 *     0.00 f    
  data arrival time                                                  0.00      

  clock clock (rise edge)                                 0.00       0.00      
  clock network delay (ideal)                             0.00       0.00      
  output external delay                                  -0.75      -0.75      
  data required time                                                -0.75      
  ------------------------------------------------------------------------------------
  data required time                                                -0.75      
  data arrival time                                                  0.00      
  ------------------------------------------------------------------------------------
  slack (MET)                                                        0.75      


  Startpoint: xfer/flash_clk_reg
              (rising edge-triggered flip-flop clocked by clock)
  Endpoint: xfer/flash_clk_reg
            (rising edge-triggered flip-flop clocked by clock)
  Path Group: reg2reg
  Path Type: min

  Point                                                   Incr       Path      Voltage
  ------------------------------------------------------------------------------------
  clock clock (rise edge)                                 0.00       0.00      
  clock network delay (ideal)                             0.00       0.00      
  xfer/flash_clk_reg/CK (SAEDRVT14_FDP_V2_0P5)            0.00       0.00 r    0.72
  xfer/flash_clk_reg/Q (SAEDRVT14_FDP_V2_0P5)            -0.01      -0.01 f    0.72
  xfer/U162/X (SAEDRVT14_AO32_U_0P5)                      0.01 *     0.01 f    0.72
  xfer/flash_clk_reg/D (SAEDRVT14_FDP_V2_0P5)             0.00 *     0.01 f    0.72
  data arrival time                                                  0.01      

  clock clock (rise edge)                                 0.00       0.00      
  clock network delay (ideal)                             0.00       0.00      
  xfer/flash_clk_reg/CK (SAEDRVT14_FDP_V2_0P5)            0.00       0.00 r    
  library hold time                                       0.00       0.00      
  data required time                                                 0.00      
  ------------------------------------------------------------------------------------
  data required time                                                 0.00      
  data arrival time                                                 -0.01      
  ------------------------------------------------------------------------------------
  slack (MET)                                                        0.01      


1
