****************************************
Report : timing
        -path_type full
        -delay_type min
        -max_paths 1
        -report_by design
Design : spimemio
Version: T-2022.03-SP4
Date   : Thu Nov 27 19:44:19 2025
****************************************

  Startpoint: xfer/xfer_tag_reg[2] (rising edge-triggered flip-flop clocked by clock)
  Endpoint: xfer/xfer_tag_q_reg[2] (rising edge-triggered flip-flop clocked by clock)
  Mode: default
  Corner: default
  Scenario: spimemio
  Path Group: reg2reg
  Path Type: min

  Point                                            Incr      Path  
  ------------------------------------------------------------------------
  clock clock (rise edge)                          0.00      0.00
  clock network delay (propagated)                 0.03      0.03

  xfer/xfer_tag_reg[2]/CK (SAEDRVT14_FDP_V2LP_0P5)
                                                   0.00      0.03 r
  xfer/xfer_tag_reg[2]/Q (SAEDRVT14_FDP_V2LP_0P5)
                                                   0.04      0.07 f
  xfer/xfer_tag_q_reg[2]/D (SAEDRVT14_FDP_V2LP_0P5)
                                                   0.00      0.07 f
  data arrival time                                          0.07

  clock clock (rise edge)                          0.00      0.00
  clock network delay (propagated)                 0.06      0.06
  xfer/xfer_tag_q_reg[2]/CK (SAEDRVT14_FDP_V2LP_0P5)
                                                   0.00      0.06 r
  library hold time                                0.00      0.06
  data required time                                         0.06
  ------------------------------------------------------------------------
  data required time                                         0.06
  data arrival time                                         -0.07
  ------------------------------------------------------------------------
  slack (MET)                                                0.00


1
