****************************************
Report : qor
        -summary
Design : spimemio
Version: T-2022.03-SP4
Date   : Thu Nov 27 19:44:19 2025
****************************************

Timing
---------------------------------------------------------------------------
Context                                 WNS            TNS            NVE
---------------------------------------------------------------------------
Design             (Setup)             1.16           0.00              0

Design             (Hold)              0.00           0.00              0
---------------------------------------------------------------------------

Miscellaneous
---------------------------------------------------------------------------
Cell Area (netlist):                            340.33
Cell Area (netlist and physical only):          340.33
Nets with DRC Violations:        0
1
