 
****************************************
Report : timing
        -path full
        -delay min
        -max_paths 1
Design : simpleuart
Version: T-2022.03-SP4
Date   : Thu Nov 20 09:10:05 2025
****************************************

 * Some/all delay information is back-annotated.
Wire Load Model Mode: Inactive.

  Startpoint: send_divcnt_reg[19]
              (rising edge-triggered flip-flop clocked by clock)
  Endpoint: self_gate_send_divcnt_reg_0
            (gating element for clock clock)
  Path Group: clock
  Path Type: min

  Point                                                   Incr       Path      Voltage
  ------------------------------------------------------------------------------------
  clock clock (rise edge)                                 0.00       0.00      
  clock network delay (ideal)                             0.00       0.00      
  send_divcnt_reg[19]/CK (SAEDRVT14_FDP_V2_0P5)           0.00       0.00 r    0.72
  send_divcnt_reg[19]/Q (SAEDRVT14_FDP_V2_0P5)            0.00       0.00 f    0.72
  U970/X (SAEDRVT14_OR2_0P5)                              0.01 *     0.01 f    0.72
  U962/X (SAEDRVT14_OR4_1)                                0.01 *     0.02 f    0.72
  U960/X (SAEDRVT14_OR2_0P5)                              0.01 *     0.03 f    0.72
  self_gate_send_divcnt_reg_0/EN (SAEDRVT14_CKGTPLT_V5_1)
                                                          0.00 *     0.03 f    0.72
  data arrival time                                                  0.03      

  clock clock (rise edge)                                 0.00       0.00      
  clock network delay (ideal)                             0.00       0.00      
  self_gate_send_divcnt_reg_0/CK (SAEDRVT14_CKGTPLT_V5_1)
                                                          0.00       0.00 r    
  clock gating hold time                                 -0.01      -0.01      
  data required time                                                -0.01      
  ------------------------------------------------------------------------------------
  data required time                                                -0.01      
  data arrival time                                                 -0.03      
  ------------------------------------------------------------------------------------
  slack (MET)                                                        0.03      


  Startpoint: reg_dat_we (input port clocked by clock)
  Endpoint: reg_dat_wait
            (output port clocked by clock)
  Path Group: in2out
  Path Type: min

  Point                                    Incr       Path      Voltage
  ---------------------------------------------------------------------
  clock clock (rise edge)                  0.00       0.00      
  clock network delay (ideal)              0.00       0.00      
  input external delay                     0.75       0.75 f    
  reg_dat_we (in)                          0.00       0.75 f    
  U467/X (SAEDRVT14_OA21_1)                0.01 *     0.76 f    0.72
  reg_dat_wait (out)                       0.00 *     0.76 f    
  data arrival time                                   0.76      

  clock clock (rise edge)                  0.00       0.00      
  clock network delay (ideal)              0.00       0.00      
  output external delay                   -0.75      -0.75      
  data required time                                 -0.75      
  ---------------------------------------------------------------------
  data required time                                 -0.75      
  data arrival time                                  -0.76      
  ---------------------------------------------------------------------
  slack (MET)                                         1.51      


  Startpoint: reg_div_di[31]
              (input port clocked by clock)
  Endpoint: cfg_divider_reg[31]
            (rising edge-triggered flip-flop clocked by clock)
  Path Group: in2reg
  Path Type: min

  Point                                                   Incr       Path      Voltage
  ------------------------------------------------------------------------------------
  clock clock (rise edge)                                 0.00       0.00      
  clock network delay (ideal)                             0.00       0.00      
  input external delay                                    0.75       0.75 f    
  reg_div_di[31] (in)                                     0.00       0.75 f    
  U891/X (SAEDRVT14_AN2_MM_0P5)                           0.01 *     0.76 f    0.72
  cfg_divider_reg[31]/D (SAEDRVT14_FDP_V2LP_1)            0.00 *     0.76 f    0.72
  data arrival time                                                  0.76      

  clock clock (rise edge)                                 0.00       0.00      
  clock network delay (ideal)                             0.00       0.00      
  cfg_divider_reg[31]/CK (SAEDRVT14_FDP_V2LP_1)           0.00       0.00 r    
  library hold time                                       0.00       0.00      
  data required time                                                 0.00      
  ------------------------------------------------------------------------------------
  data required time                                                 0.00      
  data arrival time                                                 -0.76      
  ------------------------------------------------------------------------------------
  slack (MET)                                                        0.76      


  Startpoint: send_pattern_reg[0]
              (rising edge-triggered flip-flop clocked by clock)
  Endpoint: ser_tx (output port clocked by clock)
  Path Group: reg2out
  Path Type: min

  Point                                                   Incr       Path      Voltage
  ------------------------------------------------------------------------------------
  clock clock (rise edge)                                 0.00       0.00      
  clock network delay (ideal)                             0.00       0.00      
  send_pattern_reg[0]/CK (SAEDRVT14_FDP_V2_0P5)           0.00       0.00 r    0.72
  send_pattern_reg[0]/Q (SAEDRVT14_FDP_V2_0P5)            0.02       0.02 r    0.72
  ser_tx (out)                                            0.00 *     0.02 r    
  data arrival time                                                  0.02      

  clock clock (rise edge)                                 0.00       0.00      
  clock network delay (ideal)                             0.00       0.00      
  output external delay                                  -0.75      -0.75      
  data required time                                                -0.75      
  ------------------------------------------------------------------------------------
  data required time                                                -0.75      
  data arrival time                                                 -0.02      
  ------------------------------------------------------------------------------------
  slack (MET)                                                        0.77      


  Startpoint: send_divcnt_reg[17]
              (rising edge-triggered flip-flop clocked by clock)
  Endpoint: send_divcnt_reg[17]
            (rising edge-triggered flip-flop clocked by clock)
  Path Group: reg2reg
  Path Type: min

  Point                                                   Incr       Path      Voltage
  ------------------------------------------------------------------------------------
  clock clock (rise edge)                                 0.00       0.00      
  clock network delay (ideal)                             0.00       0.00      
  send_divcnt_reg[17]/CK (SAEDRVT14_FDP_V2_0P5)           0.00       0.00 r    0.72
  send_divcnt_reg[17]/Q (SAEDRVT14_FDP_V2_0P5)           -0.01      -0.01 f    0.72
  U747/X (SAEDRVT14_NR2_MM_0P5)                           0.01 *     0.00 r    0.72
  U750/X (SAEDRVT14_NR2_MM_0P5)                           0.01 *     0.01 f    0.72
  send_divcnt_reg[17]/D (SAEDRVT14_FDP_V2_0P5)            0.00 *     0.01 f    0.72
  data arrival time                                                  0.01      

  clock clock (rise edge)                                 0.00       0.00      
  clock network delay (ideal)                             0.00       0.00      
  send_divcnt_reg[17]/CK (SAEDRVT14_FDP_V2_0P5)           0.00       0.00 r    
  library hold time                                       0.00       0.00      
  data required time                                                 0.00      
  ------------------------------------------------------------------------------------
  data required time                                                 0.00      
  data arrival time                                                 -0.01      
  ------------------------------------------------------------------------------------
  slack (MET)                                                        0.01      


1
