 
****************************************
Report : timing
        -path full
        -delay max
        -max_paths 1
Design : simpleuart
Version: T-2022.03-SP4
Date   : Thu Nov 20 09:10:05 2025
****************************************

 * Some/all delay information is back-annotated.
Wire Load Model Mode: Inactive.

  Startpoint: resetn (input port clocked by clock)
  Endpoint: self_gate_send_divcnt_reg_0
            (gating element for clock clock)
  Path Group: clock
  Path Type: max

  Point                                                   Incr       Path      Voltage
  ------------------------------------------------------------------------------------
  clock clock (rise edge)                                 0.00       0.00      
  clock network delay (ideal)                             0.00       0.00      
  input external delay                                    0.75       0.75 r    
  resetn (in)                                             0.00       0.75 r    
  U899/X (SAEDRVT14_INV_S_0P5)                            0.01 *     0.76 f    0.72
  U205/X (SAEDRVT14_INV_S_0P5)                            0.05 *     0.81 r    0.72
  U628/X (SAEDRVT14_ND2_CDC_1)                            0.06 *     0.87 f    0.72
  U629/X (SAEDRVT14_OR3_0P5)                              0.06 *     0.92 f    0.72
  U356/X (SAEDRVT14_INV_S_0P5)                            0.07 *     1.00 r    0.72
  U735/X (SAEDRVT14_OAI21_0P5)                            0.03 *     1.02 f    0.72
  U736/X (SAEDRVT14_AOI21_0P75)                           0.03 *     1.05 r    0.72
  U969/X (SAEDRVT14_OR2_0P5)                              0.02 *     1.07 r    0.72
  U962/X (SAEDRVT14_OR4_1)                                0.01 *     1.08 r    0.72
  U960/X (SAEDRVT14_OR2_0P5)                              0.01 *     1.09 r    0.72
  self_gate_send_divcnt_reg_0/EN (SAEDRVT14_CKGTPLT_V5_1)
                                                          0.00 *     1.09 r    0.72
  data arrival time                                                  1.09      

  clock clock (rise edge)                                 4.00       4.00      
  clock network delay (ideal)                             0.00       4.00      
  self_gate_send_divcnt_reg_0/CK (SAEDRVT14_CKGTPLT_V5_1)
                                                          0.00       4.00 r    
  clock gating setup time                                -0.02       3.98      
  data required time                                                 3.98      
  ------------------------------------------------------------------------------------
  data required time                                                 3.98      
  data arrival time                                                 -1.09      
  ------------------------------------------------------------------------------------
  slack (MET)                                                        2.89      


  Startpoint: reg_dat_we (input port clocked by clock)
  Endpoint: reg_dat_wait
            (output port clocked by clock)
  Path Group: in2out
  Path Type: max

  Point                                    Incr       Path      Voltage
  ---------------------------------------------------------------------
  clock clock (rise edge)                  0.00       0.00      
  clock network delay (ideal)              0.00       0.00      
  input external delay                     0.75       0.75 r    
  reg_dat_we (in)                          0.00       0.75 r    
  U467/X (SAEDRVT14_OA21_1)                0.01 *     0.76 r    0.72
  reg_dat_wait (out)                       0.00 *     0.76 r    
  data arrival time                                   0.76      

  clock clock (rise edge)                  4.00       4.00      
  clock network delay (ideal)              0.00       4.00      
  output external delay                   -0.75       3.25      
  data required time                                  3.25      
  ---------------------------------------------------------------------
  data required time                                  3.25      
  data arrival time                                  -0.76      
  ---------------------------------------------------------------------
  slack (MET)                                         2.49      


  Startpoint: resetn (input port clocked by clock)
  Endpoint: send_divcnt_reg[16]
            (rising edge-triggered flip-flop clocked by clock)
  Path Group: in2reg
  Path Type: max

  Point                                                   Incr       Path      Voltage
  ------------------------------------------------------------------------------------
  clock clock (rise edge)                                 0.00       0.00      
  clock network delay (ideal)                             0.00       0.00      
  input external delay                                    0.75       0.75 r    
  resetn (in)                                             0.00       0.75 r    
  U899/X (SAEDRVT14_INV_S_0P5)                            0.01 *     0.76 f    0.72
  U205/X (SAEDRVT14_INV_S_0P5)                            0.05 *     0.81 r    0.72
  U628/X (SAEDRVT14_ND2_CDC_1)                            0.06 *     0.87 f    0.72
  U629/X (SAEDRVT14_OR3_0P5)                              0.06 *     0.92 f    0.72
  U356/X (SAEDRVT14_INV_S_0P5)                            0.07 *     1.00 r    0.72
  U735/X (SAEDRVT14_OAI21_0P5)                            0.03 *     1.02 f    0.72
  U736/X (SAEDRVT14_AOI21_0P75)                           0.03 *     1.05 r    0.72
  send_divcnt_reg[16]/D (SAEDRVT14_FDP_V2LP_1)            0.00 *     1.05 r    0.72
  data arrival time                                                  1.05      

  clock clock (rise edge)                                 4.00       4.00      
  clock network delay (ideal)                             0.00       4.00      
  send_divcnt_reg[16]/CK (SAEDRVT14_FDP_V2LP_1)           0.00       4.00 r    
  library setup time                                     -0.02       3.98      
  data required time                                                 3.98      
  ------------------------------------------------------------------------------------
  data required time                                                 3.98      
  data arrival time                                                 -1.05      
  ------------------------------------------------------------------------------------
  slack (MET)                                                        2.93      


  Startpoint: recv_buf_data_reg[5]
              (rising edge-triggered flip-flop clocked by clock)
  Endpoint: reg_dat_do[5]
            (output port clocked by clock)
  Path Group: reg2out
  Path Type: max

  Point                                                   Incr       Path      Voltage
  ------------------------------------------------------------------------------------
  clock clock (rise edge)                                 0.00       0.00      
  clock network delay (ideal)                             0.00       0.00      
  recv_buf_data_reg[5]/CK (SAEDRVT14_FDP_V2LP_0P5)        0.00       0.00 r    0.72
  recv_buf_data_reg[5]/Q (SAEDRVT14_FDP_V2LP_0P5)         1.63       1.63 f    0.72
  U841/X (SAEDRVT14_OR2_0P5)                              0.01 *     1.64 f    0.72
  reg_dat_do[5] (out)                                     0.00 *     1.64 f    
  data arrival time                                                  1.64      

  clock clock (rise edge)                                 4.00       4.00      
  clock network delay (ideal)                             0.00       4.00      
  output external delay                                  -0.75       3.25      
  data required time                                                 3.25      
  ------------------------------------------------------------------------------------
  data required time                                                 3.25      
  data arrival time                                                 -1.64      
  ------------------------------------------------------------------------------------
  slack (MET)                                                        1.61      


  Startpoint: send_pattern_reg[3]
              (rising edge-triggered flip-flop clocked by clock)
  Endpoint: send_pattern_reg[2]
            (rising edge-triggered flip-flop clocked by clock)
  Path Group: reg2reg
  Path Type: max

  Point                                                   Incr       Path      Voltage
  ------------------------------------------------------------------------------------
  clock clock (rise edge)                                 0.00       0.00      
  clock network delay (ideal)                             0.00       0.00      
  send_pattern_reg[3]/CK (SAEDRVT14_FDP_V2LP_0P5)         0.00       0.00 r    0.72
  send_pattern_reg[3]/Q (SAEDRVT14_FDP_V2LP_0P5)          3.58       3.58 f    0.72
  U635/X (SAEDRVT14_AO21B_0P5)                            0.01 *     3.59 f    0.72
  send_pattern_reg[2]/D (SAEDRVT14_FDP_V2LP_0P5)          0.00 *     3.59 f    0.72
  data arrival time                                                  3.59      

  clock clock (rise edge)                                 4.00       4.00      
  clock network delay (ideal)                             0.00       4.00      
  send_pattern_reg[2]/CK (SAEDRVT14_FDP_V2LP_0P5)         0.00       4.00 r    
  library setup time                                     -0.01       3.99      
  data required time                                                 3.99      
  ------------------------------------------------------------------------------------
  data required time                                                 3.99      
  data arrival time                                                 -3.59      
  ------------------------------------------------------------------------------------
  slack (MET)                                                        0.40      


1
