Writing verilog file '/home1/PD09/RanjithKC/Raven_SoC/sub_module/picorv32_pcpi_div/synthesis/output/picorv32_pcpi_div_allfiles.v/picorv32_pcpi_div.v'.
Warning: Verilog 'assign' or 'tran' statements are written out. (VO-4)
1
1
1
Information: No Scenarios exist, writing data for one virtual_scenario
Information: Creating directory ../output/picorv32_pcpi_div_allfiles.v/picorv32_pcpi_div.MCMM
Information: The default DEF output is in version 5.8. (DCT-320)
Warning: Failed to find cell expansion data in current design.  (PSYN-1240)
0
Information: Writing COMPONENTS section (DDEFW-014)
Information: Completed COMPONENTS section  (DDEFW-016)
Information: Writing PINS section (DDEFW-014)
Information: Creating dummy net 'SYNOPSYS_UNCONNECTED_0' for unconnected port 'pcpi_insn[24]'. (DDEFW-006)
Information: Creating dummy net 'SYNOPSYS_UNCONNECTED_1' for unconnected port 'pcpi_insn[23]'. (DDEFW-006)
Information: Creating dummy net 'SYNOPSYS_UNCONNECTED_2' for unconnected port 'pcpi_insn[22]'. (DDEFW-006)
Information: Creating dummy net 'SYNOPSYS_UNCONNECTED_3' for unconnected port 'pcpi_insn[21]'. (DDEFW-006)
Information: Creating dummy net 'SYNOPSYS_UNCONNECTED_4' for unconnected port 'pcpi_insn[20]'. (DDEFW-006)
Information: Creating dummy net 'SYNOPSYS_UNCONNECTED_5' for unconnected port 'pcpi_insn[19]'. (DDEFW-006)
Information: Creating dummy net 'SYNOPSYS_UNCONNECTED_6' for unconnected port 'pcpi_insn[18]'. (DDEFW-006)
Information: Creating dummy net 'SYNOPSYS_UNCONNECTED_7' for unconnected port 'pcpi_insn[17]'. (DDEFW-006)
Information: Creating dummy net 'SYNOPSYS_UNCONNECTED_8' for unconnected port 'pcpi_insn[16]'. (DDEFW-006)
Information: Creating dummy net 'SYNOPSYS_UNCONNECTED_9' for unconnected port 'pcpi_insn[15]'. (DDEFW-006)
Information: Creating dummy net 'SYNOPSYS_UNCONNECTED_10' for unconnected port 'pcpi_insn[11]'. (DDEFW-006)
Information: Creating dummy net 'SYNOPSYS_UNCONNECTED_11' for unconnected port 'pcpi_insn[10]'. (DDEFW-006)
Information: Creating dummy net 'SYNOPSYS_UNCONNECTED_12' for unconnected port 'pcpi_insn[9]'. (DDEFW-006)
Information: Creating dummy net 'SYNOPSYS_UNCONNECTED_13' for unconnected port 'pcpi_insn[8]'. (DDEFW-006)
Information: Creating dummy net 'SYNOPSYS_UNCONNECTED_14' for unconnected port 'pcpi_insn[7]'. (DDEFW-006)
Information: Completed PINS section  (DDEFW-016)
Information: No groups were written. (RPGP-018)
1
