****************************************
Report : timing
        -path_type full
        -delay_type min
        -max_paths 1
        -report_by design
Design : picorv32_pcpi_mul
Version: T-2022.03-SP4
Date   : Thu Nov 27 00:52:19 2025
****************************************

  Startpoint: mul_waiting_reg (rising edge-triggered flip-flop clocked by clock)
  Endpoint: mul_counter_reg[2] (rising edge-triggered flip-flop clocked by clock)
  Mode: default
  Corner: default
  Scenario: picorv32_pcpi_mul
  Path Group: reg2reg
  Path Type: min

  Point                                            Incr      Path  
  ------------------------------------------------------------------------
  clock clock (rise edge)                          0.00      0.00
  clock network delay (propagated)                 0.00      0.00

  mul_waiting_reg/CK (SAEDRVT14_FDP_V2LP_1)        0.00      0.00 r
  mul_waiting_reg/Q (SAEDRVT14_FDP_V2LP_1)         0.05      0.05 f
  U82/X (SAEDRVT14_AOI21_0P75)                     0.01      0.06 r
  U83/X (SAEDRVT14_ND2_CDC_1)                      0.01      0.07 f
  mul_counter_reg[2]/D (SAEDRVT14_FDP_V2LP_1)      0.00      0.07 f
  data arrival time                                          0.07

  clock clock (rise edge)                          0.00      0.00
  clock network delay (propagated)                 0.02      0.02
  mul_counter_reg[2]/CK (SAEDRVT14_FDP_V2LP_1)     0.00      0.02 r
  library hold time                                0.01      0.03
  data required time                                         0.03
  ------------------------------------------------------------------------
  data required time                                         0.03
  data arrival time                                         -0.07
  ------------------------------------------------------------------------
  slack (MET)                                                0.04


1
