****************************************
Report : qor
        -summary
Design : picorv32_pcpi_mul
Version: T-2022.03-SP4
Date   : Thu Nov 27 00:52:19 2025
****************************************

Timing
---------------------------------------------------------------------------
Context                                 WNS            TNS            NVE
---------------------------------------------------------------------------
Design             (Setup)             2.97           0.00              0

Design             (Hold)              0.04           0.00              0
---------------------------------------------------------------------------

Miscellaneous
---------------------------------------------------------------------------
Cell Area (netlist):                             48.13
Cell Area (netlist and physical only):           48.13
Nets with DRC Violations:        0
1
