****************************************
Report : timing
        -path_type full
        -delay_type max
        -max_paths 1
        -report_by design
Design : picorv32_pcpi_mul
Version: T-2022.03-SP4
Date   : Thu Nov 27 00:52:19 2025
****************************************

  Startpoint: pcpi_insn[1] (input port clocked by clock)
  Endpoint: self_gate_instr_mulh_reg_0 (rising clock gating-check end-point clocked by clock)
  Mode: default
  Corner: default
  Scenario: picorv32_pcpi_mul
  Path Group: **in2reg_default**
  Path Type: max

  Point                                            Incr      Path  
  ------------------------------------------------------------------------
  clock clock (rise edge)                          0.00      0.00
  clock network delay (propagated)                 0.03      0.03
  input external delay                             0.75      0.78 r
  pcpi_insn[1] (in)                                0.00      0.78 r
  U63/X (SAEDRVT14_AN4_0P5)                        0.04      0.82 r
  U64/X (SAEDRVT14_AN4_0P5)                        0.04      0.86 r
  U65/X (SAEDRVT14_ND2_CDC_1)                      0.02      0.88 f
  U66/X (SAEDRVT14_NR2_MM_0P5)                     0.02      0.90 r
  U71/X (SAEDRVT14_ND2B_U_0P5)                     0.04      0.94 f
  U73/X (SAEDRVT14_NR2_MM_0P5)                     0.03      0.97 r
  U97/X (SAEDRVT14_OR2_0P5)                        0.02      1.00 r
  U95/X (SAEDRVT14_OR4_1)                          0.02      1.02 r
  self_gate_instr_mulh_reg_0/EN (SAEDRVT14_CKGTPLT_V5_1)
                                                   0.00      1.02 r
  data arrival time                                          1.02

  clock clock (rise edge)                          4.00      4.00
  clock network delay (propagated)                 0.02      4.02
  self_gate_instr_mulh_reg_0/CK (SAEDRVT14_CKGTPLT_V5_1)
                                                   0.00      4.02 r
  library setup time                              -0.02      4.00
  data required time                                         4.00
  ------------------------------------------------------------------------
  data required time                                         4.00
  data arrival time                                         -1.02
  ------------------------------------------------------------------------
  slack (MET)                                                2.97


1
